<?xml version="1.0"?>
<link_info>
   <banner>TI ARM Linker PC v5.2.5</banner>
   <copyright>Copyright (c) 1996-2015 Texas Instruments Incorporated</copyright>
   <link_time>0x5802a80e</link_time>
   <link_errors>0x0</link_errors>
   <output_file>getting_started_with_wlan_station.out</output_file>
   <entry_point>
      <name>_c_int00</name>
      <address>0xbc71</address>
   </entry_point>
   <input_file_list>
      <input_file id="fl-2">
         <path>.\</path>
         <kind>object</kind>
         <file>PLL.obj</file>
         <name>PLL.obj</name>
      </input_file>
      <input_file id="fl-3">
         <path>.\</path>
         <kind>object</kind>
         <file>diskio.obj</file>
         <name>diskio.obj</name>
      </input_file>
      <input_file id="fl-4">
         <path>.\</path>
         <kind>object</kind>
         <file>ff.obj</file>
         <name>ff.obj</name>
      </input_file>
      <input_file id="fl-5">
         <path>.\</path>
         <kind>object</kind>
         <file>main.obj</file>
         <name>main.obj</name>
      </input_file>
      <input_file id="fl-6">
         <path>.\</path>
         <kind>object</kind>
         <file>tm4c123gh6pm_startup_ccs.obj</file>
         <name>tm4c123gh6pm_startup_ccs.obj</name>
      </input_file>
      <input_file id="fl-7">
         <path>.\uart\</path>
         <kind>object</kind>
         <file>uart.obj</file>
         <name>uart.obj</name>
      </input_file>
      <input_file id="fl-8">
         <path>.\spi\</path>
         <kind>object</kind>
         <file>spi.obj</file>
         <name>spi.obj</name>
      </input_file>
      <input_file id="fl-9">
         <path>.\simplelink\source\</path>
         <kind>object</kind>
         <file>device.obj</file>
         <name>device.obj</name>
      </input_file>
      <input_file id="fl-a">
         <path>.\simplelink\source\</path>
         <kind>object</kind>
         <file>driver.obj</file>
         <name>driver.obj</name>
      </input_file>
      <input_file id="fl-b">
         <path>.\simplelink\source\</path>
         <kind>object</kind>
         <file>flowcont.obj</file>
         <name>flowcont.obj</name>
      </input_file>
      <input_file id="fl-c">
         <path>.\simplelink\source\</path>
         <kind>object</kind>
         <file>fs.obj</file>
         <name>fs.obj</name>
      </input_file>
      <input_file id="fl-d">
         <path>.\simplelink\source\</path>
         <kind>object</kind>
         <file>netapp.obj</file>
         <name>netapp.obj</name>
      </input_file>
      <input_file id="fl-e">
         <path>.\simplelink\source\</path>
         <kind>object</kind>
         <file>netcfg.obj</file>
         <name>netcfg.obj</name>
      </input_file>
      <input_file id="fl-f">
         <path>.\simplelink\source\</path>
         <kind>object</kind>
         <file>nonos.obj</file>
         <name>nonos.obj</name>
      </input_file>
      <input_file id="fl-10">
         <path>.\simplelink\source\</path>
         <kind>object</kind>
         <file>socket.obj</file>
         <name>socket.obj</name>
      </input_file>
      <input_file id="fl-11">
         <path>.\simplelink\source\</path>
         <kind>object</kind>
         <file>spawn.obj</file>
         <name>spawn.obj</name>
      </input_file>
      <input_file id="fl-12">
         <path>.\simplelink\source\</path>
         <kind>object</kind>
         <file>wlan.obj</file>
         <name>wlan.obj</name>
      </input_file>
      <input_file id="fl-13">
         <path>.\cli_uart\</path>
         <kind>object</kind>
         <file>cli_uart.obj</file>
         <name>cli_uart.obj</name>
      </input_file>
      <input_file id="fl-14">
         <path>.\board\</path>
         <kind>object</kind>
         <file>board.obj</file>
         <name>board.obj</name>
      </input_file>
      <input_file id="fl-1b">
         <path>C:\ti\TivaWare_C_Series-2.1.2.111\driverlib\ccs\Debug\</path>
         <kind>archive</kind>
         <file>driverlib.lib</file>
         <name>fpu.obj</name>
      </input_file>
      <input_file id="fl-1c">
         <path>C:\ti\TivaWare_C_Series-2.1.2.111\driverlib\ccs\Debug\</path>
         <kind>archive</kind>
         <file>driverlib.lib</file>
         <name>gpio.obj</name>
      </input_file>
      <input_file id="fl-1d">
         <path>C:\ti\TivaWare_C_Series-2.1.2.111\driverlib\ccs\Debug\</path>
         <kind>archive</kind>
         <file>driverlib.lib</file>
         <name>interrupt.obj</name>
      </input_file>
      <input_file id="fl-1e">
         <path>C:\ti\TivaWare_C_Series-2.1.2.111\driverlib\ccs\Debug\</path>
         <kind>archive</kind>
         <file>driverlib.lib</file>
         <name>ssi.obj</name>
      </input_file>
      <input_file id="fl-1f">
         <path>C:\ti\TivaWare_C_Series-2.1.2.111\driverlib\ccs\Debug\</path>
         <kind>archive</kind>
         <file>driverlib.lib</file>
         <name>sysctl.obj</name>
      </input_file>
      <input_file id="fl-20">
         <path>C:\ti\TivaWare_C_Series-2.1.2.111\driverlib\ccs\Debug\</path>
         <kind>archive</kind>
         <file>driverlib.lib</file>
         <name>uart.obj</name>
      </input_file>
      <input_file id="fl-21">
         <path>C:\ti\TivaWare_C_Series-2.1.2.111\driverlib\ccs\Debug\</path>
         <kind>archive</kind>
         <file>driverlib.lib</file>
         <name>cpu.obj</name>
      </input_file>
      <input_file id="fl-143">
         <path>C:\ti\ccsv6\tools\compiler\ti-cgt-arm_5.2.5\lib\</path>
         <kind>archive</kind>
         <file>rtsv7M4_T_le_v4SPD16_eabi.lib</file>
         <name>boot.obj</name>
      </input_file>
      <input_file id="fl-144">
         <path>C:\ti\ccsv6\tools\compiler\ti-cgt-arm_5.2.5\lib\</path>
         <kind>archive</kind>
         <file>rtsv7M4_T_le_v4SPD16_eabi.lib</file>
         <name>copy_decompress_none.obj</name>
      </input_file>
      <input_file id="fl-145">
         <path>C:\ti\ccsv6\tools\compiler\ti-cgt-arm_5.2.5\lib\</path>
         <kind>archive</kind>
         <file>rtsv7M4_T_le_v4SPD16_eabi.lib</file>
         <name>copy_decompress_rle.obj</name>
      </input_file>
      <input_file id="fl-146">
         <path>C:\ti\ccsv6\tools\compiler\ti-cgt-arm_5.2.5\lib\</path>
         <kind>archive</kind>
         <file>rtsv7M4_T_le_v4SPD16_eabi.lib</file>
         <name>copy_zero_init.obj</name>
      </input_file>
      <input_file id="fl-147">
         <path>C:\ti\ccsv6\tools\compiler\ti-cgt-arm_5.2.5\lib\</path>
         <kind>archive</kind>
         <file>rtsv7M4_T_le_v4SPD16_eabi.lib</file>
         <name>exit.obj</name>
      </input_file>
      <input_file id="fl-148">
         <path>C:\ti\ccsv6\tools\compiler\ti-cgt-arm_5.2.5\lib\</path>
         <kind>archive</kind>
         <file>rtsv7M4_T_le_v4SPD16_eabi.lib</file>
         <name>memcpy_t2.obj</name>
      </input_file>
      <input_file id="fl-149">
         <path>C:\ti\ccsv6\tools\compiler\ti-cgt-arm_5.2.5\lib\</path>
         <kind>archive</kind>
         <file>rtsv7M4_T_le_v4SPD16_eabi.lib</file>
         <name>memset_t2.obj</name>
      </input_file>
      <input_file id="fl-14a">
         <path>C:\ti\ccsv6\tools\compiler\ti-cgt-arm_5.2.5\lib\</path>
         <kind>archive</kind>
         <file>rtsv7M4_T_le_v4SPD16_eabi.lib</file>
         <name>pre_init.obj</name>
      </input_file>
      <input_file id="fl-14b">
         <path>C:\ti\ccsv6\tools\compiler\ti-cgt-arm_5.2.5\lib\</path>
         <kind>archive</kind>
         <file>rtsv7M4_T_le_v4SPD16_eabi.lib</file>
         <name>stkdepth_vars.obj</name>
      </input_file>
      <input_file id="fl-14c">
         <path>C:\ti\ccsv6\tools\compiler\ti-cgt-arm_5.2.5\lib\</path>
         <kind>archive</kind>
         <file>rtsv7M4_T_le_v4SPD16_eabi.lib</file>
         <name>strlen.obj</name>
      </input_file>
      <input_file id="fl-14d">
         <path>C:\ti\ccsv6\tools\compiler\ti-cgt-arm_5.2.5\lib\</path>
         <kind>archive</kind>
         <file>rtsv7M4_T_le_v4SPD16_eabi.lib</file>
         <name>u_divt2.obj</name>
      </input_file>
      <input_file id="fl-14e">
         <path>C:\ti\ccsv6\tools\compiler\ti-cgt-arm_5.2.5\lib\</path>
         <kind>archive</kind>
         <file>rtsv7M4_T_le_v4SPD16_eabi.lib</file>
         <name>_lock.obj</name>
      </input_file>
      <input_file id="fl-14f">
         <path>C:\ti\ccsv6\tools\compiler\ti-cgt-arm_5.2.5\lib\</path>
         <kind>archive</kind>
         <file>rtsv7M4_T_le_v4SPD16_eabi.lib</file>
         <name>args_main.obj</name>
      </input_file>
      <input_file id="fl-150">
         <path>C:\ti\ccsv6\tools\compiler\ti-cgt-arm_5.2.5\lib\</path>
         <kind>archive</kind>
         <file>rtsv7M4_T_le_v4SPD16_eabi.lib</file>
         <name>autoinit.obj</name>
      </input_file>
      <input_file id="fl-151">
         <path>C:\ti\ccsv6\tools\compiler\ti-cgt-arm_5.2.5\lib\</path>
         <kind>archive</kind>
         <file>rtsv7M4_T_le_v4SPD16_eabi.lib</file>
         <name>cpy_tbl.obj</name>
      </input_file>
      <input_file id="fl-152">
         <path>C:\ti\ccsv6\tools\compiler\ti-cgt-arm_5.2.5\lib\</path>
         <kind>archive</kind>
         <file>rtsv7M4_T_le_v4SPD16_eabi.lib</file>
         <name>i_div0.obj</name>
      </input_file>
   </input_file_list>
   <object_component_list>
      <object_component id="oc-f">
         <name>.intvecs</name>
         <load_address>0x0</load_address>
         <run_address>0x0</run_address>
         <size>0x26c</size>
         <input_file_ref idref="fl-6"/>
      </object_component>
      <object_component id="oc-179">
         <name>.text</name>
         <load_address>0x270</load_address>
         <run_address>0x270</run_address>
         <size>0x3c68</size>
         <input_file_ref idref="fl-4"/>
      </object_component>
      <object_component id="oc-249">
         <name>.text</name>
         <load_address>0x3ed8</load_address>
         <run_address>0x3ed8</run_address>
         <size>0x1e54</size>
         <input_file_ref idref="fl-a"/>
      </object_component>
      <object_component id="oc-b1">
         <name>.text:UARTIntClear</name>
         <load_address>0x5d2c</load_address>
         <run_address>0x5d2c</run_address>
         <size>0x4</size>
         <input_file_ref idref="fl-20"/>
      </object_component>
      <object_component id="oc-fe">
         <name>.text</name>
         <load_address>0x5d30</load_address>
         <run_address>0x5d30</run_address>
         <size>0x1484</size>
         <input_file_ref idref="fl-5"/>
      </object_component>
      <object_component id="oc-64">
         <name>.text</name>
         <load_address>0x71b4</load_address>
         <run_address>0x71b4</run_address>
         <size>0x4</size>
         <input_file_ref idref="fl-14a"/>
      </object_component>
      <object_component id="oc-1af">
         <name>.text</name>
         <load_address>0x71b8</load_address>
         <run_address>0x71b8</run_address>
         <size>0xee8</size>
         <input_file_ref idref="fl-10"/>
      </object_component>
      <object_component id="oc-19a">
         <name>.text</name>
         <load_address>0x80a0</load_address>
         <run_address>0x80a0</run_address>
         <size>0xcdc</size>
         <input_file_ref idref="fl-12"/>
      </object_component>
      <object_component id="oc-219">
         <name>.text</name>
         <load_address>0x8d7c</load_address>
         <run_address>0x8d7c</run_address>
         <size>0x2</size>
         <input_file_ref idref="fl-152"/>
      </object_component>
      <object_component id="oc-36">
         <name>.text</name>
         <load_address>0x8d80</load_address>
         <run_address>0x8d80</run_address>
         <size>0xc50</size>
         <input_file_ref idref="fl-3"/>
      </object_component>
      <object_component id="oc-1a6">
         <name>.text</name>
         <load_address>0x99d0</load_address>
         <run_address>0x99d0</run_address>
         <size>0xb9c</size>
         <input_file_ref idref="fl-d"/>
      </object_component>
      <object_component id="oc-17f">
         <name>.text</name>
         <load_address>0xa570</load_address>
         <run_address>0xa570</run_address>
         <size>0x544</size>
         <input_file_ref idref="fl-9"/>
      </object_component>
      <object_component id="oc-2a">
         <name>.text</name>
         <load_address>0xaab8</load_address>
         <run_address>0xaab8</run_address>
         <size>0x3f4</size>
         <input_file_ref idref="fl-6"/>
      </object_component>
      <object_component id="oc-24f">
         <name>.text</name>
         <load_address>0xaeb0</load_address>
         <run_address>0xaeb0</run_address>
         <size>0x228</size>
         <input_file_ref idref="fl-8"/>
      </object_component>
      <object_component id="oc-194">
         <name>.text</name>
         <load_address>0xb0d8</load_address>
         <run_address>0xb0d8</run_address>
         <size>0x17c</size>
         <input_file_ref idref="fl-f"/>
      </object_component>
      <object_component id="oc-1a0">
         <name>.text</name>
         <load_address>0xb258</load_address>
         <run_address>0xb258</run_address>
         <size>0x14c</size>
         <input_file_ref idref="fl-e"/>
      </object_component>
      <object_component id="oc-22b">
         <name>.text:GPIOPadConfigSet</name>
         <load_address>0xb3a4</load_address>
         <run_address>0xb3a4</run_address>
         <size>0x132</size>
         <input_file_ref idref="fl-1c"/>
      </object_component>
      <object_component id="oc-16d">
         <name>.text</name>
         <load_address>0xb4d8</load_address>
         <run_address>0xb4d8</run_address>
         <size>0x12c</size>
         <input_file_ref idref="fl-13"/>
      </object_component>
      <object_component id="oc-30">
         <name>.text</name>
         <load_address>0xb608</load_address>
         <run_address>0xb608</run_address>
         <size>0x128</size>
         <input_file_ref idref="fl-14"/>
      </object_component>
      <object_component id="oc-2d7">
         <name>.text:SysCtlClockGet</name>
         <load_address>0xb730</load_address>
         <run_address>0xb730</run_address>
         <size>0x110</size>
         <input_file_ref idref="fl-1f"/>
      </object_component>
      <object_component id="oc-8d">
         <name>.text:SysCtlClockSet</name>
         <load_address>0xb840</load_address>
         <run_address>0xb840</run_address>
         <size>0xf4</size>
         <input_file_ref idref="fl-1f"/>
      </object_component>
      <object_component id="oc-3f">
         <name>.text</name>
         <load_address>0xb934</load_address>
         <run_address>0xb934</run_address>
         <size>0x9c</size>
         <input_file_ref idref="fl-148"/>
      </object_component>
      <object_component id="oc-173">
         <name>.text</name>
         <load_address>0xb9d0</load_address>
         <run_address>0xb9d0</run_address>
         <size>0x8c</size>
         <input_file_ref idref="fl-2"/>
      </object_component>
      <object_component id="oc-58">
         <name>.text</name>
         <load_address>0xba5c</load_address>
         <run_address>0xba5c</run_address>
         <size>0x7a</size>
         <input_file_ref idref="fl-149"/>
      </object_component>
      <object_component id="oc-6a">
         <name>.text</name>
         <load_address>0xbad8</load_address>
         <run_address>0xbad8</run_address>
         <size>0x6c</size>
         <input_file_ref idref="fl-150"/>
      </object_component>
      <object_component id="oc-4b">
         <name>.text</name>
         <load_address>0xbb44</load_address>
         <run_address>0xbb44</run_address>
         <size>0x6a</size>
         <input_file_ref idref="fl-145"/>
      </object_component>
      <object_component id="oc-2f5">
         <name>.text:IntEnable</name>
         <load_address>0xbbb0</load_address>
         <run_address>0xbbb0</run_address>
         <size>0x68</size>
         <input_file_ref idref="fl-1d"/>
      </object_component>
      <object_component id="oc-2ef">
         <name>.text:GPIOIntTypeSet</name>
         <load_address>0xbc18</load_address>
         <run_address>0xbc18</run_address>
         <size>0x56</size>
         <input_file_ref idref="fl-1c"/>
      </object_component>
      <object_component id="oc-24">
         <name>.text</name>
         <load_address>0xbc70</load_address>
         <run_address>0xbc70</run_address>
         <size>0x50</size>
         <input_file_ref idref="fl-143"/>
      </object_component>
      <object_component id="oc-f6">
         <name>.text</name>
         <load_address>0xbcc0</load_address>
         <run_address>0xbcc0</run_address>
         <size>0x4c</size>
         <input_file_ref idref="fl-151"/>
      </object_component>
      <object_component id="oc-15b">
         <name>.text:GPIOPinConfigure</name>
         <load_address>0xbd0c</load_address>
         <run_address>0xbd0c</run_address>
         <size>0x48</size>
         <input_file_ref idref="fl-1c"/>
      </object_component>
      <object_component id="oc-76">
         <name>.text</name>
         <load_address>0xbd54</load_address>
         <run_address>0xbd54</run_address>
         <size>0x44</size>
         <input_file_ref idref="fl-147"/>
      </object_component>
      <object_component id="oc-150">
         <name>.text</name>
         <load_address>0xbd98</load_address>
         <run_address>0xbd98</run_address>
         <size>0x40</size>
         <input_file_ref idref="fl-14d"/>
      </object_component>
      <object_component id="oc-2dd">
         <name>.text:SSIConfigSetExpClk</name>
         <load_address>0xbdd8</load_address>
         <run_address>0xbdd8</run_address>
         <size>0x3c</size>
         <input_file_ref idref="fl-1e"/>
      </object_component>
      <object_component id="oc-155">
         <name>.text:SysCtlPeripheralEnable</name>
         <load_address>0xbe14</load_address>
         <run_address>0xbe14</run_address>
         <size>0x34</size>
         <input_file_ref idref="fl-1f"/>
      </object_component>
      <object_component id="oc-225">
         <name>.text:GPIODirModeSet</name>
         <load_address>0xbe48</load_address>
         <run_address>0xbe48</run_address>
         <size>0x2a</size>
         <input_file_ref idref="fl-1c"/>
      </object_component>
      <object_component id="oc-70">
         <name>.text</name>
         <load_address>0xbe74</load_address>
         <run_address>0xbe74</run_address>
         <size>0x18</size>
         <input_file_ref idref="fl-14f"/>
      </object_component>
      <object_component id="oc-1e3">
         <name>.text</name>
         <load_address>0xbe8c</load_address>
         <run_address>0xbe8c</run_address>
         <size>0x14</size>
         <input_file_ref idref="fl-14e"/>
      </object_component>
      <object_component id="oc-233">
         <name>.text</name>
         <load_address>0xbea0</load_address>
         <run_address>0xbea0</run_address>
         <size>0x14</size>
         <input_file_ref idref="fl-14c"/>
      </object_component>
      <object_component id="oc-2e9">
         <name>.text:GPIOPinTypeGPIOInput</name>
         <load_address>0xbeb4</load_address>
         <run_address>0xbeb4</run_address>
         <size>0x12</size>
         <input_file_ref idref="fl-1c"/>
      </object_component>
      <object_component id="oc-2d1">
         <name>.text:GPIOPinTypeSSI</name>
         <load_address>0xbec6</load_address>
         <run_address>0xbec6</run_address>
         <size>0x12</size>
         <input_file_ref idref="fl-1c"/>
      </object_component>
      <object_component id="oc-161">
         <name>.text:GPIOPinTypeUART</name>
         <load_address>0xbed8</load_address>
         <run_address>0xbed8</run_address>
         <size>0x12</size>
         <input_file_ref idref="fl-1c"/>
      </object_component>
      <object_component id="oc-30d">
         <name>.text:SSIDataGetNonBlocking</name>
         <load_address>0xbeea</load_address>
         <run_address>0xbeea</run_address>
         <size>0x12</size>
         <input_file_ref idref="fl-1e"/>
      </object_component>
      <object_component id="oc-81">
         <name>.text:FPUEnable</name>
         <load_address>0xbefc</load_address>
         <run_address>0xbefc</run_address>
         <size>0x10</size>
         <input_file_ref idref="fl-1b"/>
      </object_component>
      <object_component id="oc-87">
         <name>.text:FPULazyStackingEnable</name>
         <load_address>0xbf0c</load_address>
         <run_address>0xbf0c</run_address>
         <size>0x10</size>
         <input_file_ref idref="fl-1b"/>
      </object_component>
      <object_component id="oc-2fb">
         <name>.text:IntMasterEnable</name>
         <load_address>0xbf1c</load_address>
         <run_address>0xbf1c</run_address>
         <size>0x10</size>
         <input_file_ref idref="fl-1d"/>
      </object_component>
      <object_component id="oc-99">
         <name>.text:GPIOIntDisable</name>
         <load_address>0xbf2c</load_address>
         <run_address>0xbf2c</run_address>
         <size>0xe</size>
         <input_file_ref idref="fl-1c"/>
      </object_component>
      <object_component id="oc-9f">
         <name>.text:GPIOIntStatus</name>
         <load_address>0xbf3a</load_address>
         <run_address>0xbf3a</run_address>
         <size>0xe</size>
         <input_file_ref idref="fl-1c"/>
      </object_component>
      <object_component id="oc-307">
         <name>.text:SSIDataPutNonBlocking</name>
         <load_address>0xbf48</load_address>
         <run_address>0xbf48</run_address>
         <size>0xe</size>
         <input_file_ref idref="fl-1e"/>
      </object_component>
      <object_component id="oc-12">
         <name>.text:decompress:none</name>
         <load_address>0xbf56</load_address>
         <run_address>0xbf56</run_address>
         <size>0xe</size>
         <input_file_ref idref="fl-144"/>
      </object_component>
      <object_component id="oc-357">
         <name>.text:CPUcpsie</name>
         <load_address>0xbf64</load_address>
         <run_address>0xbf64</run_address>
         <size>0xc</size>
         <input_file_ref idref="fl-21"/>
      </object_component>
      <object_component id="oc-93">
         <name>.text:GPIOIntEnable</name>
         <load_address>0xbf70</load_address>
         <run_address>0xbf70</run_address>
         <size>0xc</size>
         <input_file_ref idref="fl-1c"/>
      </object_component>
      <object_component id="oc-1e">
         <name>.text:decompress:ZI</name>
         <load_address>0xbf7c</load_address>
         <run_address>0xbf7c</run_address>
         <size>0xc</size>
         <input_file_ref idref="fl-146"/>
      </object_component>
      <object_component id="oc-2e3">
         <name>.text:SSIEnable</name>
         <load_address>0xbf88</load_address>
         <run_address>0xbf88</run_address>
         <size>0xa</size>
         <input_file_ref idref="fl-1e"/>
      </object_component>
      <object_component id="oc-ab">
         <name>.text:UARTIntStatus</name>
         <load_address>0xbf92</load_address>
         <run_address>0xbf92</run_address>
         <size>0xa</size>
         <input_file_ref idref="fl-20"/>
      </object_component>
      <object_component id="oc-313">
         <name>.text:SSIBusy</name>
         <load_address>0xbf9c</load_address>
         <run_address>0xbf9c</run_address>
         <size>0x8</size>
         <input_file_ref idref="fl-1e"/>
      </object_component>
      <object_component id="oc-a5">
         <name>.text:GPIOIntClear</name>
         <load_address>0xbfa4</load_address>
         <run_address>0xbfa4</run_address>
         <size>0x6</size>
         <input_file_ref idref="fl-1c"/>
      </object_component>
      <object_component id="oc-301">
         <name>.text:GPIOPinWrite</name>
         <load_address>0xbfaa</load_address>
         <run_address>0xbfaa</run_address>
         <size>0x6</size>
         <input_file_ref idref="fl-1c"/>
      </object_component>
      <object_component id="oc-113">
         <name>.text:SysCtlDelay</name>
         <load_address>0xbfb0</load_address>
         <run_address>0xbfb0</run_address>
         <size>0x6</size>
         <input_file_ref idref="fl-1f"/>
      </object_component>
      <object_component id="oc-167">
         <name>.text:UARTClockSourceSet</name>
         <load_address>0xbfb6</load_address>
         <run_address>0xbfb6</run_address>
         <size>0x6</size>
         <input_file_ref idref="fl-20"/>
      </object_component>
      <object_component id="oc-18">
         <name>.text:decompress:rle24</name>
         <load_address>0xbfbc</load_address>
         <run_address>0xbfbc</run_address>
         <size>0x6</size>
         <input_file_ref idref="fl-145"/>
      </object_component>
      <object_component id="oc-221">
         <name>.const:g_pui32GPIOBaseAddrs</name>
         <load_address>0xbfc4</load_address>
         <run_address>0xbfc4</run_address>
         <size>0x90</size>
         <input_file_ref idref="fl-1c"/>
      </object_component>
      <object_component id="oc-352">
         <name>.const</name>
         <load_address>0xc054</load_address>
         <run_address>0xc054</run_address>
         <size>0x70</size>
         <input_file_ref idref="fl-1d"/>
      </object_component>
      <object_component id="oc-349">
         <name>.const:g_pui32Xtals</name>
         <load_address>0xc0c4</load_address>
         <run_address>0xc0c4</run_address>
         <size>0x6c</size>
         <input_file_ref idref="fl-1f"/>
      </object_component>
      <object_component id="oc-2c5">
         <name>.const:OpcodeTranslateTable</name>
         <load_address>0xc130</load_address>
         <run_address>0xc130</run_address>
         <size>0x3c</size>
         <input_file_ref idref="fl-a"/>
      </object_component>
      <object_component id="oc-14a">
         <name>.const</name>
         <load_address>0xc16c</load_address>
         <run_address>0xc16c</run_address>
         <size>0x3c</size>
         <input_file_ref idref="fl-5"/>
      </object_component>
      <object_component id="oc-27c">
         <name>.const</name>
         <load_address>0xc1a8</load_address>
         <run_address>0xc1a8</run_address>
         <size>0x3c</size>
         <input_file_ref idref="fl-12"/>
      </object_component>
      <object_component id="oc-2c8">
         <name>.const:_SlActionLookupTable</name>
         <load_address>0xc1e4</load_address>
         <run_address>0xc1e4</run_address>
         <size>0x38</size>
         <input_file_ref idref="fl-a"/>
      </object_component>
      <object_component id="oc-29f">
         <name>.const</name>
         <load_address>0xc21c</load_address>
         <run_address>0xc21c</run_address>
         <size>0x34</size>
         <input_file_ref idref="fl-10"/>
      </object_component>
      <object_component id="oc-2c2">
         <name>.const</name>
         <load_address>0xc250</load_address>
         <run_address>0xc250</run_address>
         <size>0x30</size>
         <input_file_ref idref="fl-a"/>
      </object_component>
      <object_component id="oc-1ac">
         <name>.const:$P$T0$3</name>
         <load_address>0xc280</load_address>
         <run_address>0xc280</run_address>
         <size>0x2c</size>
         <input_file_ref idref="fl-5"/>
      </object_component>
      <object_component id="oc-242">
         <name>.const</name>
         <load_address>0xc2ac</load_address>
         <run_address>0xc2ac</run_address>
         <size>0x2c</size>
         <input_file_ref idref="fl-4"/>
      </object_component>
      <object_component id="oc-290">
         <name>.const</name>
         <load_address>0xc2d8</load_address>
         <run_address>0xc2d8</run_address>
         <size>0x28</size>
         <input_file_ref idref="fl-d"/>
      </object_component>
      <object_component id="oc-255">
         <name>.const</name>
         <load_address>0xc300</load_address>
         <run_address>0xc300</run_address>
         <size>0x1c</size>
         <input_file_ref idref="fl-9"/>
      </object_component>
      <object_component id="oc-214">
         <name>.const:.string</name>
         <load_address>0xc31c</load_address>
         <run_address>0xc31c</run_address>
         <size>0x12</size>
         <input_file_ref idref="fl-5"/>
      </object_component>
      <object_component id="oc-29c">
         <name>.const:.string</name>
         <load_address>0xc32e</load_address>
         <run_address>0xc32e</run_address>
         <size>0x10</size>
         <input_file_ref idref="fl-10"/>
      </object_component>
      <object_component id="oc-286">
         <name>.const</name>
         <load_address>0xc33e</load_address>
         <run_address>0xc33e</run_address>
         <size>0x8</size>
         <input_file_ref idref="fl-e"/>
      </object_component>
      <object_component id="oc-390">
         <name>.cinit..data.load</name>
         <load_address>0xc348</load_address>
         <run_address>0xc348</run_address>
         <size>0x16</size>
      </object_component>
      <object_component id="oc-38e">
         <name>__TI_handler_table</name>
         <load_address>0xc360</load_address>
         <run_address>0xc360</run_address>
         <size>0xc</size>
      </object_component>
      <object_component id="oc-391">
         <name>.cinit..bss.load</name>
         <load_address>0xc370</load_address>
         <run_address>0xc370</run_address>
         <size>0x8</size>
      </object_component>
      <object_component id="oc-38f">
         <name>__TI_cinit_table</name>
         <load_address>0xc378</load_address>
         <run_address>0xc378</run_address>
         <size>0x10</size>
      </object_component>
      <object_component id="oc-29">
         <name>.stack</name>
         <uninitialized>true</uninitialized>
         <run_address>0x20000fa8</run_address>
         <size>0x0</size>
         <input_file_ref idref="fl-143"/>
      </object_component>
      <object_component id="oc-392">
         <name>.stack</name>
         <uninitialized>true</uninitialized>
         <run_address>0x20000fa8</run_address>
         <size>0x0</size>
      </object_component>
      <object_component id="oc-18c">
         <name>.bss:Handle</name>
         <uninitialized>true</uninitialized>
         <run_address>0x200009d0</run_address>
         <size>0x224</size>
         <input_file_ref idref="fl-5"/>
      </object_component>
      <object_component id="oc-189">
         <name>.bss:Handle2</name>
         <uninitialized>true</uninitialized>
         <run_address>0x200007ac</run_address>
         <size>0x224</size>
         <input_file_ref idref="fl-5"/>
      </object_component>
      <object_component id="oc-185">
         <name>.bss:sdVolume</name>
         <uninitialized>true</uninitialized>
         <run_address>0x20000578</run_address>
         <size>0x234</size>
         <input_file_ref idref="fl-5"/>
      </object_component>
      <object_component id="oc-1b5">
         <name>.bss:uBuf</name>
         <uninitialized>true</uninitialized>
         <run_address>0x20000000</run_address>
         <size>0x578</size>
         <input_file_ref idref="fl-5"/>
      </object_component>
      <object_component id="oc-18f">
         <name>.bss:buffer</name>
         <uninitialized>true</uninitialized>
         <run_address>0x20000bf4</run_address>
         <size>0x200</size>
         <input_file_ref idref="fl-5"/>
      </object_component>
      <object_component id="oc-2be">
         <name>.bss:g_StatMem</name>
         <uninitialized>true</uninitialized>
         <run_address>0x20000df4</run_address>
         <size>0x168</size>
         <input_file_ref idref="fl-a"/>
      </object_component>
      <object_component id="oc-c8">
         <name>.common:Timer1</name>
         <uninitialized>true</uninitialized>
         <run_address>0x20000f94</run_address>
         <size>0x4</size>
      </object_component>
      <object_component id="oc-cb">
         <name>.common:Timer2</name>
         <uninitialized>true</uninitialized>
         <run_address>0x20000f98</run_address>
         <size>0x4</size>
      </object_component>
      <object_component id="oc-cf">
         <name>.common:CardType</name>
         <uninitialized>true</uninitialized>
         <run_address>0x20000fa2</run_address>
         <size>0x1</size>
      </object_component>
      <object_component id="oc-23e">
         <name>.common:FatFs</name>
         <uninitialized>true</uninitialized>
         <run_address>0x20000f90</run_address>
         <size>0x4</size>
      </object_component>
      <object_component id="oc-241">
         <name>.common:Fsid</name>
         <uninitialized>true</uninitialized>
         <run_address>0x20000fa0</run_address>
         <size>0x2</size>
      </object_component>
      <object_component id="oc-193">
         <name>.common:fno$2</name>
         <uninitialized>true</uninitialized>
         <run_address>0x20000f78</run_address>
         <size>0x18</size>
      </object_component>
      <object_component id="oc-192">
         <name>.common:Handle_dir</name>
         <uninitialized>true</uninitialized>
         <run_address>0x20000f5c</run_address>
         <size>0x1c</size>
      </object_component>
      <object_component id="oc-188">
         <name>.common:Fresult</name>
         <uninitialized>true</uninitialized>
         <run_address>0x20000fa3</run_address>
         <size>0x1</size>
      </object_component>
      <object_component id="oc-2c1">
         <name>.common:RxIrqCnt</name>
         <uninitialized>true</uninitialized>
         <run_address>0x20000fa5</run_address>
         <size>0x1</size>
      </object_component>
      <object_component id="oc-25b">
         <name>.common:g_bDeviceRestartIsRequired</name>
         <uninitialized>true</uninitialized>
         <run_address>0x20000fa6</run_address>
         <size>0x1</size>
      </object_component>
      <object_component id="oc-239">
         <name>.common:g_ucUARTBuffer</name>
         <uninitialized>true</uninitialized>
         <run_address>0x20000f9c</run_address>
         <size>0x4</size>
      </object_component>
      <object_component id="oc-ba">
         <name>.common:IntIsMasked</name>
         <uninitialized>true</uninitialized>
         <run_address>0x20000fa4</run_address>
         <size>0x1</size>
      </object_component>
      <object_component id="oc-cc">
         <name>.data</name>
         <load_address>0x2000124d</load_address>
         <run_address>0x2000124d</run_address>
         <size>0x1</size>
         <input_file_ref idref="fl-3"/>
      </object_component>
      <object_component id="oc-14d">
         <name>.data</name>
         <load_address>0x2000123c</load_address>
         <run_address>0x2000123c</run_address>
         <size>0x11</size>
         <input_file_ref idref="fl-5"/>
      </object_component>
      <object_component id="oc-258">
         <name>.data</name>
         <load_address>0x20001250</load_address>
         <run_address>0x20001250</run_address>
         <size>0x9</size>
         <input_file_ref idref="fl-a"/>
      </object_component>
      <object_component id="oc-277">
         <name>.data:g__SlNonOsCB</name>
         <load_address>0x20001200</load_address>
         <run_address>0x20001200</run_address>
         <size>0x3c</size>
         <input_file_ref idref="fl-f"/>
      </object_component>
      <object_component id="oc-b7">
         <name>.data</name>
         <load_address>0x2000126c</load_address>
         <run_address>0x2000126c</run_address>
         <size>0x4</size>
         <input_file_ref idref="fl-14"/>
      </object_component>
      <object_component id="oc-109">
         <name>.data</name>
         <load_address>0x20001264</load_address>
         <run_address>0x20001264</run_address>
         <size>0x8</size>
         <input_file_ref idref="fl-147"/>
      </object_component>
      <object_component id="oc-7c">
         <name>.data</name>
         <load_address>0x20001270</load_address>
         <run_address>0x20001270</run_address>
         <size>0x4</size>
         <input_file_ref idref="fl-14b"/>
      </object_component>
      <object_component id="oc-106">
         <name>.data</name>
         <load_address>0x2000125c</load_address>
         <run_address>0x2000125c</run_address>
         <size>0x8</size>
         <input_file_ref idref="fl-14e"/>
      </object_component>
      <object_component id="oc-174">
         <name>.debug_info</name>
         <load_address>0x0</load_address>
         <run_address>0x0</run_address>
         <size>0x12e</size>
         <input_file_ref idref="fl-2"/>
      </object_component>
      <object_component id="oc-be">
         <name>.debug_info</name>
         <load_address>0x12e</load_address>
         <run_address>0x12e</run_address>
         <size>0x84</size>
         <input_file_ref idref="fl-2"/>
      </object_component>
      <object_component id="oc-d1">
         <name>.debug_info</name>
         <load_address>0x1b2</load_address>
         <run_address>0x1b2</run_address>
         <size>0x18b</size>
         <input_file_ref idref="fl-2"/>
      </object_component>
      <object_component id="oc-c9">
         <name>.debug_info</name>
         <load_address>0x33d</load_address>
         <run_address>0x33d</run_address>
         <size>0x16b</size>
         <input_file_ref idref="fl-3"/>
      </object_component>
      <object_component id="oc-cd">
         <name>.debug_info</name>
         <load_address>0x4a8</load_address>
         <run_address>0x4a8</run_address>
         <size>0xdd</size>
         <input_file_ref idref="fl-3"/>
      </object_component>
      <object_component id="oc-37">
         <name>.debug_info</name>
         <load_address>0x585</load_address>
         <run_address>0x585</run_address>
         <size>0x1086</size>
         <input_file_ref idref="fl-3"/>
      </object_component>
      <object_component id="oc-db">
         <name>.debug_info</name>
         <load_address>0x160b</load_address>
         <run_address>0x160b</run_address>
         <size>0x70</size>
         <input_file_ref idref="fl-3"/>
      </object_component>
      <object_component id="oc-d6">
         <name>.debug_info</name>
         <load_address>0x167b</load_address>
         <run_address>0x167b</run_address>
         <size>0x87</size>
         <input_file_ref idref="fl-3"/>
      </object_component>
      <object_component id="oc-23f">
         <name>.debug_info</name>
         <load_address>0x1702</load_address>
         <run_address>0x1702</run_address>
         <size>0x2ef</size>
         <input_file_ref idref="fl-4"/>
      </object_component>
      <object_component id="oc-17a">
         <name>.debug_info</name>
         <load_address>0x19f1</load_address>
         <run_address>0x19f1</run_address>
         <size>0x362c</size>
         <input_file_ref idref="fl-4"/>
      </object_component>
      <object_component id="oc-244">
         <name>.debug_info</name>
         <load_address>0x501d</load_address>
         <run_address>0x501d</run_address>
         <size>0x4c5</size>
         <input_file_ref idref="fl-4"/>
      </object_component>
      <object_component id="oc-136">
         <name>.debug_info</name>
         <load_address>0x54e2</load_address>
         <run_address>0x54e2</run_address>
         <size>0xc72</size>
         <input_file_ref idref="fl-5"/>
      </object_component>
      <object_component id="oc-14e">
         <name>.debug_info</name>
         <load_address>0x6154</load_address>
         <run_address>0x6154</run_address>
         <size>0x162</size>
         <input_file_ref idref="fl-5"/>
      </object_component>
      <object_component id="oc-14b">
         <name>.debug_info</name>
         <load_address>0x62b6</load_address>
         <run_address>0x62b6</run_address>
         <size>0x17b</size>
         <input_file_ref idref="fl-5"/>
      </object_component>
      <object_component id="oc-18d">
         <name>.debug_info</name>
         <load_address>0x6431</load_address>
         <run_address>0x6431</run_address>
         <size>0xe0</size>
         <input_file_ref idref="fl-5"/>
      </object_component>
      <object_component id="oc-18a">
         <name>.debug_info</name>
         <load_address>0x6511</load_address>
         <run_address>0x6511</run_address>
         <size>0xe2</size>
         <input_file_ref idref="fl-5"/>
      </object_component>
      <object_component id="oc-186">
         <name>.debug_info</name>
         <load_address>0x65f3</load_address>
         <run_address>0x65f3</run_address>
         <size>0xe4</size>
         <input_file_ref idref="fl-5"/>
      </object_component>
      <object_component id="oc-1b6">
         <name>.debug_info</name>
         <load_address>0x66d7</load_address>
         <run_address>0x66d7</run_address>
         <size>0xdc</size>
         <input_file_ref idref="fl-5"/>
      </object_component>
      <object_component id="oc-190">
         <name>.debug_info</name>
         <load_address>0x67b3</load_address>
         <run_address>0x67b3</run_address>
         <size>0xe0</size>
         <input_file_ref idref="fl-5"/>
      </object_component>
      <object_component id="oc-1ad">
         <name>.debug_info</name>
         <load_address>0x6893</load_address>
         <run_address>0x6893</run_address>
         <size>0xe2</size>
         <input_file_ref idref="fl-5"/>
      </object_component>
      <object_component id="oc-ff">
         <name>.debug_info</name>
         <load_address>0x6975</load_address>
         <run_address>0x6975</run_address>
         <size>0x1a73</size>
         <input_file_ref idref="fl-5"/>
      </object_component>
      <object_component id="oc-1c8">
         <name>.debug_info</name>
         <load_address>0x83e8</load_address>
         <run_address>0x83e8</run_address>
         <size>0x46a</size>
         <input_file_ref idref="fl-5"/>
      </object_component>
      <object_component id="oc-1b9">
         <name>.debug_info</name>
         <load_address>0x8852</load_address>
         <run_address>0x8852</run_address>
         <size>0x4c5</size>
         <input_file_ref idref="fl-5"/>
      </object_component>
      <object_component id="oc-1be">
         <name>.debug_info</name>
         <load_address>0x8d17</load_address>
         <run_address>0x8d17</run_address>
         <size>0x70</size>
         <input_file_ref idref="fl-5"/>
      </object_component>
      <object_component id="oc-1fc">
         <name>.debug_info</name>
         <load_address>0x8d87</load_address>
         <run_address>0x8d87</run_address>
         <size>0x92</size>
         <input_file_ref idref="fl-5"/>
      </object_component>
      <object_component id="oc-1d2">
         <name>.debug_info</name>
         <load_address>0x8e19</load_address>
         <run_address>0x8e19</run_address>
         <size>0x87f</size>
         <input_file_ref idref="fl-5"/>
      </object_component>
      <object_component id="oc-127">
         <name>.debug_info</name>
         <load_address>0x9698</load_address>
         <run_address>0x9698</run_address>
         <size>0x611</size>
         <input_file_ref idref="fl-5"/>
      </object_component>
      <object_component id="oc-1cd">
         <name>.debug_info</name>
         <load_address>0x9ca9</load_address>
         <run_address>0x9ca9</run_address>
         <size>0x93f</size>
         <input_file_ref idref="fl-5"/>
      </object_component>
      <object_component id="oc-2ab">
         <name>.debug_info</name>
         <load_address>0xa5e8</load_address>
         <run_address>0xa5e8</run_address>
         <size>0xb3</size>
         <input_file_ref idref="fl-5"/>
      </object_component>
      <object_component id="oc-208">
         <name>.debug_info</name>
         <load_address>0xa69b</load_address>
         <run_address>0xa69b</run_address>
         <size>0x110</size>
         <input_file_ref idref="fl-5"/>
      </object_component>
      <object_component id="oc-12c">
         <name>.debug_info</name>
         <load_address>0xa7ab</load_address>
         <run_address>0xa7ab</run_address>
         <size>0xc4</size>
         <input_file_ref idref="fl-5"/>
      </object_component>
      <object_component id="oc-131">
         <name>.debug_info</name>
         <load_address>0xa86f</load_address>
         <run_address>0xa86f</run_address>
         <size>0x6c8</size>
         <input_file_ref idref="fl-5"/>
      </object_component>
      <object_component id="oc-11a">
         <name>.debug_info</name>
         <load_address>0xaf37</load_address>
         <run_address>0xaf37</run_address>
         <size>0x8b</size>
         <input_file_ref idref="fl-5"/>
      </object_component>
      <object_component id="oc-c3">
         <name>.debug_info</name>
         <load_address>0xafc2</load_address>
         <run_address>0xafc2</run_address>
         <size>0x2c</size>
         <input_file_ref idref="fl-5"/>
      </object_component>
      <object_component id="oc-203">
         <name>.debug_info</name>
         <load_address>0xafee</load_address>
         <run_address>0xafee</run_address>
         <size>0x46</size>
         <input_file_ref idref="fl-5"/>
      </object_component>
      <object_component id="oc-1c3">
         <name>.debug_info</name>
         <load_address>0xb034</load_address>
         <run_address>0xb034</run_address>
         <size>0x6d</size>
         <input_file_ref idref="fl-5"/>
      </object_component>
      <object_component id="oc-31a">
         <name>.debug_info</name>
         <load_address>0xb0a1</load_address>
         <run_address>0xb0a1</run_address>
         <size>0x2c</size>
         <input_file_ref idref="fl-5"/>
      </object_component>
      <object_component id="oc-1d7">
         <name>.debug_info</name>
         <load_address>0xb0cd</load_address>
         <run_address>0xb0cd</run_address>
         <size>0x4e</size>
         <input_file_ref idref="fl-5"/>
      </object_component>
      <object_component id="oc-3e">
         <name>.debug_info</name>
         <load_address>0xb11b</load_address>
         <run_address>0xb11b</run_address>
         <size>0x183</size>
         <input_file_ref idref="fl-6"/>
      </object_component>
      <object_component id="oc-10">
         <name>.debug_info</name>
         <load_address>0xb29e</load_address>
         <run_address>0xb29e</run_address>
         <size>0x100</size>
         <input_file_ref idref="fl-6"/>
      </object_component>
      <object_component id="oc-2b">
         <name>.debug_info</name>
         <load_address>0xb39e</load_address>
         <run_address>0xb39e</run_address>
         <size>0x39db</size>
         <input_file_ref idref="fl-6"/>
      </object_component>
      <object_component id="oc-31f">
         <name>.debug_info</name>
         <load_address>0xed79</load_address>
         <run_address>0xed79</run_address>
         <size>0x769</size>
         <input_file_ref idref="fl-8"/>
      </object_component>
      <object_component id="oc-250">
         <name>.debug_info</name>
         <load_address>0xf4e2</load_address>
         <run_address>0xf4e2</run_address>
         <size>0x84f</size>
         <input_file_ref idref="fl-8"/>
      </object_component>
      <object_component id="oc-ed">
         <name>.debug_info</name>
         <load_address>0xfd31</load_address>
         <run_address>0xfd31</run_address>
         <size>0x2c</size>
         <input_file_ref idref="fl-8"/>
      </object_component>
      <object_component id="oc-25f">
         <name>.debug_info</name>
         <load_address>0xfd5d</load_address>
         <run_address>0xfd5d</run_address>
         <size>0x955</size>
         <input_file_ref idref="fl-9"/>
      </object_component>
      <object_component id="oc-256">
         <name>.debug_info</name>
         <load_address>0x106b2</load_address>
         <run_address>0x106b2</run_address>
         <size>0x239</size>
         <input_file_ref idref="fl-9"/>
      </object_component>
      <object_component id="oc-180">
         <name>.debug_info</name>
         <load_address>0x108eb</load_address>
         <run_address>0x108eb</run_address>
         <size>0x1394</size>
         <input_file_ref idref="fl-9"/>
      </object_component>
      <object_component id="oc-26a">
         <name>.debug_info</name>
         <load_address>0x11c7f</load_address>
         <run_address>0x11c7f</run_address>
         <size>0x683</size>
         <input_file_ref idref="fl-9"/>
      </object_component>
      <object_component id="oc-260">
         <name>.debug_info</name>
         <load_address>0x12302</load_address>
         <run_address>0x12302</run_address>
         <size>0x236f</size>
         <input_file_ref idref="fl-9"/>
      </object_component>
      <object_component id="oc-265">
         <name>.debug_info</name>
         <load_address>0x14671</load_address>
         <run_address>0x14671</run_address>
         <size>0x178</size>
         <input_file_ref idref="fl-9"/>
      </object_component>
      <object_component id="oc-25c">
         <name>.debug_info</name>
         <load_address>0x147e9</load_address>
         <run_address>0x147e9</run_address>
         <size>0xa70</size>
         <input_file_ref idref="fl-a"/>
      </object_component>
      <object_component id="oc-2bf">
         <name>.debug_info</name>
         <load_address>0x15259</load_address>
         <run_address>0x15259</run_address>
         <size>0x118</size>
         <input_file_ref idref="fl-a"/>
      </object_component>
      <object_component id="oc-2c3">
         <name>.debug_info</name>
         <load_address>0x15371</load_address>
         <run_address>0x15371</run_address>
         <size>0x182</size>
         <input_file_ref idref="fl-a"/>
      </object_component>
      <object_component id="oc-2c9">
         <name>.debug_info</name>
         <load_address>0x154f3</load_address>
         <run_address>0x154f3</run_address>
         <size>0x12f</size>
         <input_file_ref idref="fl-a"/>
      </object_component>
      <object_component id="oc-2c6">
         <name>.debug_info</name>
         <load_address>0x15622</load_address>
         <run_address>0x15622</run_address>
         <size>0x12f</size>
         <input_file_ref idref="fl-a"/>
      </object_component>
      <object_component id="oc-259">
         <name>.debug_info</name>
         <load_address>0x15751</load_address>
         <run_address>0x15751</run_address>
         <size>0x170</size>
         <input_file_ref idref="fl-a"/>
      </object_component>
      <object_component id="oc-24a">
         <name>.debug_info</name>
         <load_address>0x158c1</load_address>
         <run_address>0x158c1</run_address>
         <size>0x3c32</size>
         <input_file_ref idref="fl-a"/>
      </object_component>
      <object_component id="oc-2cc">
         <name>.debug_info</name>
         <load_address>0x194f3</load_address>
         <run_address>0x194f3</run_address>
         <size>0x12d</size>
         <input_file_ref idref="fl-a"/>
      </object_component>
      <object_component id="oc-294">
         <name>.debug_info</name>
         <load_address>0x19620</load_address>
         <run_address>0x19620</run_address>
         <size>0x92f</size>
         <input_file_ref idref="fl-d"/>
      </object_component>
      <object_component id="oc-291">
         <name>.debug_info</name>
         <load_address>0x19f4f</load_address>
         <run_address>0x19f4f</run_address>
         <size>0x327</size>
         <input_file_ref idref="fl-d"/>
      </object_component>
      <object_component id="oc-1a7">
         <name>.debug_info</name>
         <load_address>0x1a276</load_address>
         <run_address>0x1a276</run_address>
         <size>0x25c5</size>
         <input_file_ref idref="fl-d"/>
      </object_component>
      <object_component id="oc-295">
         <name>.debug_info</name>
         <load_address>0x1c83b</load_address>
         <run_address>0x1c83b</run_address>
         <size>0x5d0</size>
         <input_file_ref idref="fl-d"/>
      </object_component>
      <object_component id="oc-28a">
         <name>.debug_info</name>
         <load_address>0x1ce0b</load_address>
         <run_address>0x1ce0b</run_address>
         <size>0x47e</size>
         <input_file_ref idref="fl-e"/>
      </object_component>
      <object_component id="oc-287">
         <name>.debug_info</name>
         <load_address>0x1d289</load_address>
         <run_address>0x1d289</run_address>
         <size>0x161</size>
         <input_file_ref idref="fl-e"/>
      </object_component>
      <object_component id="oc-1a1">
         <name>.debug_info</name>
         <load_address>0x1d3ea</load_address>
         <run_address>0x1d3ea</run_address>
         <size>0x4f7</size>
         <input_file_ref idref="fl-e"/>
      </object_component>
      <object_component id="oc-28b">
         <name>.debug_info</name>
         <load_address>0x1d8e1</load_address>
         <run_address>0x1d8e1</run_address>
         <size>0xaa</size>
         <input_file_ref idref="fl-e"/>
      </object_component>
      <object_component id="oc-27b">
         <name>.debug_info</name>
         <load_address>0x1d98b</load_address>
         <run_address>0x1d98b</run_address>
         <size>0x3e4</size>
         <input_file_ref idref="fl-f"/>
      </object_component>
      <object_component id="oc-278">
         <name>.debug_info</name>
         <load_address>0x1dd6f</load_address>
         <run_address>0x1dd6f</run_address>
         <size>0x11d</size>
         <input_file_ref idref="fl-f"/>
      </object_component>
      <object_component id="oc-195">
         <name>.debug_info</name>
         <load_address>0x1de8c</load_address>
         <run_address>0x1de8c</run_address>
         <size>0x61d</size>
         <input_file_ref idref="fl-f"/>
      </object_component>
      <object_component id="oc-2a3">
         <name>.debug_info</name>
         <load_address>0x1e4a9</load_address>
         <run_address>0x1e4a9</run_address>
         <size>0x7ae</size>
         <input_file_ref idref="fl-10"/>
      </object_component>
      <object_component id="oc-29d">
         <name>.debug_info</name>
         <load_address>0x1ec57</load_address>
         <run_address>0x1ec57</run_address>
         <size>0x133</size>
         <input_file_ref idref="fl-10"/>
      </object_component>
      <object_component id="oc-2a0">
         <name>.debug_info</name>
         <load_address>0x1ed8a</load_address>
         <run_address>0x1ed8a</run_address>
         <size>0x352</size>
         <input_file_ref idref="fl-10"/>
      </object_component>
      <object_component id="oc-1b0">
         <name>.debug_info</name>
         <load_address>0x1f0dc</load_address>
         <run_address>0x1f0dc</run_address>
         <size>0x262d</size>
         <input_file_ref idref="fl-10"/>
      </object_component>
      <object_component id="oc-2a4">
         <name>.debug_info</name>
         <load_address>0x21709</load_address>
         <run_address>0x21709</run_address>
         <size>0x376</size>
         <input_file_ref idref="fl-10"/>
      </object_component>
      <object_component id="oc-280">
         <name>.debug_info</name>
         <load_address>0x21a7f</load_address>
         <run_address>0x21a7f</run_address>
         <size>0x5c8</size>
         <input_file_ref idref="fl-12"/>
      </object_component>
      <object_component id="oc-27d">
         <name>.debug_info</name>
         <load_address>0x22047</load_address>
         <run_address>0x22047</run_address>
         <size>0x416</size>
         <input_file_ref idref="fl-12"/>
      </object_component>
      <object_component id="oc-19b">
         <name>.debug_info</name>
         <load_address>0x2245d</load_address>
         <run_address>0x2245d</run_address>
         <size>0x21c1</size>
         <input_file_ref idref="fl-12"/>
      </object_component>
      <object_component id="oc-281">
         <name>.debug_info</name>
         <load_address>0x2461e</load_address>
         <run_address>0x2461e</run_address>
         <size>0x49c</size>
         <input_file_ref idref="fl-12"/>
      </object_component>
      <object_component id="oc-23a">
         <name>.debug_info</name>
         <load_address>0x24aba</load_address>
         <run_address>0x24aba</run_address>
         <size>0x1d0</size>
         <input_file_ref idref="fl-13"/>
      </object_component>
      <object_component id="oc-16e">
         <name>.debug_info</name>
         <load_address>0x24c8a</load_address>
         <run_address>0x24c8a</run_address>
         <size>0x441</size>
         <input_file_ref idref="fl-13"/>
      </object_component>
      <object_component id="oc-bb">
         <name>.debug_info</name>
         <load_address>0x250cb</load_address>
         <run_address>0x250cb</run_address>
         <size>0x53f</size>
         <input_file_ref idref="fl-14"/>
      </object_component>
      <object_component id="oc-b8">
         <name>.debug_info</name>
         <load_address>0x2560a</load_address>
         <run_address>0x2560a</run_address>
         <size>0x12d</size>
         <input_file_ref idref="fl-14"/>
      </object_component>
      <object_component id="oc-31">
         <name>.debug_info</name>
         <load_address>0x25737</load_address>
         <run_address>0x25737</run_address>
         <size>0xbce</size>
         <input_file_ref idref="fl-14"/>
      </object_component>
      <object_component id="oc-8b">
         <name>.debug_info</name>
         <load_address>0x26305</load_address>
         <run_address>0x26305</run_address>
         <size>0x225</size>
         <input_file_ref idref="fl-1b"/>
      </object_component>
      <object_component id="oc-84">
         <name>.debug_info</name>
         <load_address>0x2652a</load_address>
         <run_address>0x2652a</run_address>
         <size>0x20d</size>
         <input_file_ref idref="fl-1b"/>
      </object_component>
      <object_component id="oc-117">
         <name>.debug_info</name>
         <load_address>0x26737</load_address>
         <run_address>0x26737</run_address>
         <size>0x230</size>
         <input_file_ref idref="fl-1c"/>
      </object_component>
      <object_component id="oc-222">
         <name>.debug_info</name>
         <load_address>0x26967</load_address>
         <run_address>0x26967</run_address>
         <size>0x15b</size>
         <input_file_ref idref="fl-1c"/>
      </object_component>
      <object_component id="oc-304">
         <name>.debug_info</name>
         <load_address>0x26ac2</load_address>
         <run_address>0x26ac2</run_address>
         <size>0x2a3</size>
         <input_file_ref idref="fl-1c"/>
      </object_component>
      <object_component id="oc-228">
         <name>.debug_info</name>
         <load_address>0x26d65</load_address>
         <run_address>0x26d65</run_address>
         <size>0x2b3</size>
         <input_file_ref idref="fl-1c"/>
      </object_component>
      <object_component id="oc-22e">
         <name>.debug_info</name>
         <load_address>0x27018</load_address>
         <run_address>0x27018</run_address>
         <size>0x316</size>
         <input_file_ref idref="fl-1c"/>
      </object_component>
      <object_component id="oc-164">
         <name>.debug_info</name>
         <load_address>0x2732e</load_address>
         <run_address>0x2732e</run_address>
         <size>0x27b</size>
         <input_file_ref idref="fl-1c"/>
      </object_component>
      <object_component id="oc-2d4">
         <name>.debug_info</name>
         <load_address>0x275a9</load_address>
         <run_address>0x275a9</run_address>
         <size>0x279</size>
         <input_file_ref idref="fl-1c"/>
      </object_component>
      <object_component id="oc-2ec">
         <name>.debug_info</name>
         <load_address>0x27822</load_address>
         <run_address>0x27822</run_address>
         <size>0x285</size>
         <input_file_ref idref="fl-1c"/>
      </object_component>
      <object_component id="oc-15e">
         <name>.debug_info</name>
         <load_address>0x27aa7</load_address>
         <run_address>0x27aa7</run_address>
         <size>0x280</size>
         <input_file_ref idref="fl-1c"/>
      </object_component>
      <object_component id="oc-2f2">
         <name>.debug_info</name>
         <load_address>0x27d27</load_address>
         <run_address>0x27d27</run_address>
         <size>0x2bb</size>
         <input_file_ref idref="fl-1c"/>
      </object_component>
      <object_component id="oc-a2">
         <name>.debug_info</name>
         <load_address>0x27fe2</load_address>
         <run_address>0x27fe2</run_address>
         <size>0x27f</size>
         <input_file_ref idref="fl-1c"/>
      </object_component>
      <object_component id="oc-96">
         <name>.debug_info</name>
         <load_address>0x28261</load_address>
         <run_address>0x28261</run_address>
         <size>0x28f</size>
         <input_file_ref idref="fl-1c"/>
      </object_component>
      <object_component id="oc-9c">
         <name>.debug_info</name>
         <load_address>0x284f0</load_address>
         <run_address>0x284f0</run_address>
         <size>0x291</size>
         <input_file_ref idref="fl-1c"/>
      </object_component>
      <object_component id="oc-a8">
         <name>.debug_info</name>
         <load_address>0x28781</load_address>
         <run_address>0x28781</run_address>
         <size>0x28d</size>
         <input_file_ref idref="fl-1c"/>
      </object_component>
      <object_component id="oc-356">
         <name>.debug_info</name>
         <load_address>0x28a0e</load_address>
         <run_address>0x28a0e</run_address>
         <size>0x20e</size>
         <input_file_ref idref="fl-1d"/>
      </object_component>
      <object_component id="oc-353">
         <name>.debug_info</name>
         <load_address>0x28c1c</load_address>
         <run_address>0x28c1c</run_address>
         <size>0x210</size>
         <input_file_ref idref="fl-1d"/>
      </object_component>
      <object_component id="oc-2ff">
         <name>.debug_info</name>
         <load_address>0x28e2c</load_address>
         <run_address>0x28e2c</run_address>
         <size>0x23e</size>
         <input_file_ref idref="fl-1d"/>
      </object_component>
      <object_component id="oc-2f7">
         <name>.debug_info</name>
         <load_address>0x2906a</load_address>
         <run_address>0x2906a</run_address>
         <size>0x268</size>
         <input_file_ref idref="fl-1d"/>
      </object_component>
      <object_component id="oc-34e">
         <name>.debug_info</name>
         <load_address>0x292d2</load_address>
         <run_address>0x292d2</run_address>
         <size>0x21c</size>
         <input_file_ref idref="fl-1e"/>
      </object_component>
      <object_component id="oc-2e5">
         <name>.debug_info</name>
         <load_address>0x294ee</load_address>
         <run_address>0x294ee</run_address>
         <size>0x242</size>
         <input_file_ref idref="fl-1e"/>
      </object_component>
      <object_component id="oc-30b">
         <name>.debug_info</name>
         <load_address>0x29730</load_address>
         <run_address>0x29730</run_address>
         <size>0x290</size>
         <input_file_ref idref="fl-1e"/>
      </object_component>
      <object_component id="oc-310">
         <name>.debug_info</name>
         <load_address>0x299c0</load_address>
         <run_address>0x299c0</run_address>
         <size>0x29a</size>
         <input_file_ref idref="fl-1e"/>
      </object_component>
      <object_component id="oc-2e0">
         <name>.debug_info</name>
         <load_address>0x29c5a</load_address>
         <run_address>0x29c5a</run_address>
         <size>0x3d9</size>
         <input_file_ref idref="fl-1e"/>
      </object_component>
      <object_component id="oc-316">
         <name>.debug_info</name>
         <load_address>0x2a033</load_address>
         <run_address>0x2a033</run_address>
         <size>0x242</size>
         <input_file_ref idref="fl-1e"/>
      </object_component>
      <object_component id="oc-115">
         <name>.debug_info</name>
         <load_address>0x2a275</load_address>
         <run_address>0x2a275</run_address>
         <size>0x27f</size>
         <input_file_ref idref="fl-1f"/>
      </object_component>
      <object_component id="oc-34a">
         <name>.debug_info</name>
         <load_address>0x2a4f4</load_address>
         <run_address>0x2a4f4</run_address>
         <size>0x14d</size>
         <input_file_ref idref="fl-1f"/>
      </object_component>
      <object_component id="oc-158">
         <name>.debug_info</name>
         <load_address>0x2a641</load_address>
         <run_address>0x2a641</run_address>
         <size>0x27d</size>
         <input_file_ref idref="fl-1f"/>
      </object_component>
      <object_component id="oc-90">
         <name>.debug_info</name>
         <load_address>0x2a8be</load_address>
         <run_address>0x2a8be</run_address>
         <size>0x2db</size>
         <input_file_ref idref="fl-1f"/>
      </object_component>
      <object_component id="oc-2da">
         <name>.debug_info</name>
         <load_address>0x2ab99</load_address>
         <run_address>0x2ab99</run_address>
         <size>0x2b5</size>
         <input_file_ref idref="fl-1f"/>
      </object_component>
      <object_component id="oc-1f3">
         <name>.debug_info</name>
         <load_address>0x2ae4e</load_address>
         <run_address>0x2ae4e</run_address>
         <size>0x5f</size>
         <input_file_ref idref="fl-1f"/>
      </object_component>
      <object_component id="oc-121">
         <name>.debug_info</name>
         <load_address>0x2aead</load_address>
         <run_address>0x2aead</run_address>
         <size>0x227</size>
         <input_file_ref idref="fl-20"/>
      </object_component>
      <object_component id="oc-ac">
         <name>.debug_info</name>
         <load_address>0x2b0d4</load_address>
         <run_address>0x2b0d4</run_address>
         <size>0x27f</size>
         <input_file_ref idref="fl-20"/>
      </object_component>
      <object_component id="oc-b2">
         <name>.debug_info</name>
         <load_address>0x2b353</load_address>
         <run_address>0x2b353</run_address>
         <size>0x28d</size>
         <input_file_ref idref="fl-20"/>
      </object_component>
      <object_component id="oc-168">
         <name>.debug_info</name>
         <load_address>0x2b5e0</load_address>
         <run_address>0x2b5e0</run_address>
         <size>0x291</size>
         <input_file_ref idref="fl-20"/>
      </object_component>
      <object_component id="oc-358">
         <name>.debug_info</name>
         <load_address>0x2b871</load_address>
         <run_address>0x2b871</run_address>
         <size>0x212</size>
         <input_file_ref idref="fl-21"/>
      </object_component>
      <object_component id="oc-27">
         <name>.debug_info</name>
         <load_address>0x2ba83</load_address>
         <run_address>0x2ba83</run_address>
         <size>0x134</size>
         <input_file_ref idref="fl-143"/>
      </object_component>
      <object_component id="oc-4a">
         <name>.debug_info</name>
         <load_address>0x2bbb7</load_address>
         <run_address>0x2bbb7</run_address>
         <size>0x121</size>
         <input_file_ref idref="fl-144"/>
      </object_component>
      <object_component id="oc-16">
         <name>.debug_info</name>
         <load_address>0x2bcd8</load_address>
         <run_address>0x2bcd8</run_address>
         <size>0x1c0</size>
         <input_file_ref idref="fl-144"/>
      </object_component>
      <object_component id="oc-45">
         <name>.debug_info</name>
         <load_address>0x2be98</load_address>
         <run_address>0x2be98</run_address>
         <size>0x46</size>
         <input_file_ref idref="fl-144"/>
      </object_component>
      <object_component id="oc-e3">
         <name>.debug_info</name>
         <load_address>0x2bede</load_address>
         <run_address>0x2bede</run_address>
         <size>0x2c</size>
         <input_file_ref idref="fl-144"/>
      </object_component>
      <object_component id="oc-52">
         <name>.debug_info</name>
         <load_address>0x2bf0a</load_address>
         <run_address>0x2bf0a</run_address>
         <size>0x115</size>
         <input_file_ref idref="fl-145"/>
      </object_component>
      <object_component id="oc-4c">
         <name>.debug_info</name>
         <load_address>0x2c01f</load_address>
         <run_address>0x2c01f</run_address>
         <size>0x228</size>
         <input_file_ref idref="fl-145"/>
      </object_component>
      <object_component id="oc-19">
         <name>.debug_info</name>
         <load_address>0x2c247</load_address>
         <run_address>0x2c247</run_address>
         <size>0x192</size>
         <input_file_ref idref="fl-145"/>
      </object_component>
      <object_component id="oc-53">
         <name>.debug_info</name>
         <load_address>0x2c3d9</load_address>
         <run_address>0x2c3d9</run_address>
         <size>0x39</size>
         <input_file_ref idref="fl-145"/>
      </object_component>
      <object_component id="oc-63">
         <name>.debug_info</name>
         <load_address>0x2c412</load_address>
         <run_address>0x2c412</run_address>
         <size>0x110</size>
         <input_file_ref idref="fl-146"/>
      </object_component>
      <object_component id="oc-1f">
         <name>.debug_info</name>
         <load_address>0x2c522</load_address>
         <run_address>0x2c522</run_address>
         <size>0x18b</size>
         <input_file_ref idref="fl-146"/>
      </object_component>
      <object_component id="oc-5e">
         <name>.debug_info</name>
         <load_address>0x2c6ad</load_address>
         <run_address>0x2c6ad</run_address>
         <size>0x46</size>
         <input_file_ref idref="fl-146"/>
      </object_component>
      <object_component id="oc-10d">
         <name>.debug_info</name>
         <load_address>0x2c6f3</load_address>
         <run_address>0x2c6f3</run_address>
         <size>0x172</size>
         <input_file_ref idref="fl-147"/>
      </object_component>
      <object_component id="oc-10a">
         <name>.debug_info</name>
         <load_address>0x2c865</load_address>
         <run_address>0x2c865</run_address>
         <size>0x117</size>
         <input_file_ref idref="fl-147"/>
      </object_component>
      <object_component id="oc-79">
         <name>.debug_info</name>
         <load_address>0x2c97c</load_address>
         <run_address>0x2c97c</run_address>
         <size>0x1ee</size>
         <input_file_ref idref="fl-147"/>
      </object_component>
      <object_component id="oc-41">
         <name>.debug_info</name>
         <load_address>0x2cb6a</load_address>
         <run_address>0x2cb6a</run_address>
         <size>0xf6</size>
         <input_file_ref idref="fl-148"/>
      </object_component>
      <object_component id="oc-59">
         <name>.debug_info</name>
         <load_address>0x2cc60</load_address>
         <run_address>0x2cc60</run_address>
         <size>0x124</size>
         <input_file_ref idref="fl-149"/>
      </object_component>
      <object_component id="oc-65">
         <name>.debug_info</name>
         <load_address>0x2cd84</load_address>
         <run_address>0x2cd84</run_address>
         <size>0x129</size>
         <input_file_ref idref="fl-14a"/>
      </object_component>
      <object_component id="oc-7d">
         <name>.debug_info</name>
         <load_address>0x2cead</load_address>
         <run_address>0x2cead</run_address>
         <size>0xea</size>
         <input_file_ref idref="fl-14b"/>
      </object_component>
      <object_component id="oc-2b9">
         <name>.debug_info</name>
         <load_address>0x2cf97</load_address>
         <run_address>0x2cf97</run_address>
         <size>0xcb</size>
         <input_file_ref idref="fl-14c"/>
      </object_component>
      <object_component id="oc-234">
         <name>.debug_info</name>
         <load_address>0x2d062</load_address>
         <run_address>0x2d062</run_address>
         <size>0x1f7</size>
         <input_file_ref idref="fl-14c"/>
      </object_component>
      <object_component id="oc-152">
         <name>.debug_info</name>
         <load_address>0x2d259</load_address>
         <run_address>0x2d259</run_address>
         <size>0x11f</size>
         <input_file_ref idref="fl-14d"/>
      </object_component>
      <object_component id="oc-1eb">
         <name>.debug_info</name>
         <load_address>0x2d378</load_address>
         <run_address>0x2d378</run_address>
         <size>0x105</size>
         <input_file_ref idref="fl-14e"/>
      </object_component>
      <object_component id="oc-107">
         <name>.debug_info</name>
         <load_address>0x2d47d</load_address>
         <run_address>0x2d47d</run_address>
         <size>0xf4</size>
         <input_file_ref idref="fl-14e"/>
      </object_component>
      <object_component id="oc-1e4">
         <name>.debug_info</name>
         <load_address>0x2d571</load_address>
         <run_address>0x2d571</run_address>
         <size>0x200</size>
         <input_file_ref idref="fl-14e"/>
      </object_component>
      <object_component id="oc-105">
         <name>.debug_info</name>
         <load_address>0x2d771</load_address>
         <run_address>0x2d771</run_address>
         <size>0x147</size>
         <input_file_ref idref="fl-14f"/>
      </object_component>
      <object_component id="oc-71">
         <name>.debug_info</name>
         <load_address>0x2d8b8</load_address>
         <run_address>0x2d8b8</run_address>
         <size>0x148</size>
         <input_file_ref idref="fl-14f"/>
      </object_component>
      <object_component id="oc-1de">
         <name>.debug_info</name>
         <load_address>0x2da00</load_address>
         <run_address>0x2da00</run_address>
         <size>0x5e</size>
         <input_file_ref idref="fl-14f"/>
      </object_component>
      <object_component id="oc-fd">
         <name>.debug_info</name>
         <load_address>0x2da5e</load_address>
         <run_address>0x2da5e</run_address>
         <size>0x29e</size>
         <input_file_ref idref="fl-150"/>
      </object_component>
      <object_component id="oc-6b">
         <name>.debug_info</name>
         <load_address>0x2dcfc</load_address>
         <run_address>0x2dcfc</run_address>
         <size>0x158</size>
         <input_file_ref idref="fl-150"/>
      </object_component>
      <object_component id="oc-140">
         <name>.debug_info</name>
         <load_address>0x2de54</load_address>
         <run_address>0x2de54</run_address>
         <size>0x39</size>
         <input_file_ref idref="fl-150"/>
      </object_component>
      <object_component id="oc-145">
         <name>.debug_info</name>
         <load_address>0x2de8d</load_address>
         <run_address>0x2de8d</run_address>
         <size>0xcd</size>
         <input_file_ref idref="fl-150"/>
      </object_component>
      <object_component id="oc-13d">
         <name>.debug_info</name>
         <load_address>0x2df5a</load_address>
         <run_address>0x2df5a</run_address>
         <size>0x1c1</size>
         <input_file_ref idref="fl-151"/>
      </object_component>
      <object_component id="oc-f7">
         <name>.debug_info</name>
         <load_address>0x2e11b</load_address>
         <run_address>0x2e11b</run_address>
         <size>0x164</size>
         <input_file_ref idref="fl-151"/>
      </object_component>
      <object_component id="oc-20f">
         <name>.debug_info</name>
         <load_address>0x2e27f</load_address>
         <run_address>0x2e27f</run_address>
         <size>0x2c</size>
         <input_file_ref idref="fl-151"/>
      </object_component>
      <object_component id="oc-21b">
         <name>.debug_info</name>
         <load_address>0x2e2ab</load_address>
         <run_address>0x2e2ab</run_address>
         <size>0x128</size>
         <input_file_ref idref="fl-152"/>
      </object_component>
      <object_component id="oc-393">
         <name>.debug_info</name>
         <load_address>0x2e3d3</load_address>
         <run_address>0x2e3d3</run_address>
         <size>0xba</size>
      </object_component>
      <object_component id="oc-177">
         <name>.debug_line</name>
         <load_address>0x0</load_address>
         <run_address>0x0</run_address>
         <size>0x52</size>
         <input_file_ref idref="fl-2"/>
      </object_component>
      <object_component id="oc-c1">
         <name>.debug_line</name>
         <load_address>0x52</load_address>
         <run_address>0x52</run_address>
         <size>0x20</size>
         <input_file_ref idref="fl-2"/>
      </object_component>
      <object_component id="oc-d4">
         <name>.debug_line</name>
         <load_address>0x72</load_address>
         <run_address>0x72</run_address>
         <size>0x60</size>
         <input_file_ref idref="fl-2"/>
      </object_component>
      <object_component id="oc-139">
         <name>.debug_line</name>
         <load_address>0xd2</load_address>
         <run_address>0xd2</run_address>
         <size>0x2f</size>
         <input_file_ref idref="fl-3"/>
      </object_component>
      <object_component id="oc-13b">
         <name>.debug_line</name>
         <load_address>0x101</load_address>
         <run_address>0x101</run_address>
         <size>0x2f</size>
         <input_file_ref idref="fl-3"/>
      </object_component>
      <object_component id="oc-3a">
         <name>.debug_line</name>
         <load_address>0x130</load_address>
         <run_address>0x130</run_address>
         <size>0x669</size>
[...]
         <object_component_ref idref="oc-1af"/>
      </symbol>
      <symbol id="sm-b75">
         <name>sl_SendTo</name>
         <value>0x73f9</value>
         <object_component_ref idref="oc-1af"/>
      </symbol>
      <symbol id="sm-b76">
         <name>sl_Send</name>
         <value>0x7869</value>
         <object_component_ref idref="oc-1af"/>
      </symbol>
      <symbol id="sm-b77">
         <name>_sl_HandleAsync_Connect</name>
         <value>0x77e9</value>
         <object_component_ref idref="oc-1af"/>
      </symbol>
      <symbol id="sm-b78">
         <name>sl_Htonl</name>
         <value>0x7b99</value>
         <object_component_ref idref="oc-1af"/>
      </symbol>
      <symbol id="sm-b79">
         <name>sl_Htons</name>
         <value>0x7be1</value>
         <object_component_ref idref="oc-1af"/>
      </symbol>
      <symbol id="sm-b7a">
         <name>sl_Connect</name>
         <value>0x7671</value>
         <object_component_ref idref="oc-1af"/>
      </symbol>
      <symbol id="sm-b7b">
         <name>sl_Socket</name>
         <value>0x72a9</value>
         <object_component_ref idref="oc-1af"/>
      </symbol>
      <symbol id="sm-b7c">
         <name>sl_Select</name>
         <value>0x7e99</value>
         <object_component_ref idref="oc-1af"/>
      </symbol>
      <symbol id="sm-b7d">
         <name>_sl_HandleAsync_Select</name>
         <value>0x7c89</value>
         <object_component_ref idref="oc-1af"/>
      </symbol>
      <symbol id="sm-b7e">
         <name>sl_RecvFrom</name>
         <value>0x7539</value>
         <object_component_ref idref="oc-1af"/>
      </symbol>
      <symbol id="sm-b7f">
         <name>SL_FD_CLR</name>
         <value>0x8029</value>
         <object_component_ref idref="oc-1af"/>
      </symbol>
      <symbol id="sm-b80">
         <name>sl_Close</name>
         <value>0x7319</value>
         <object_component_ref idref="oc-1af"/>
      </symbol>
      <symbol id="sm-b81">
         <name>_sl_HandleAsync_Accept</name>
         <value>0x7c21</value>
         <object_component_ref idref="oc-1af"/>
      </symbol>
      <symbol id="sm-b82">
         <name>sl_GetSockOpt</name>
         <value>0x7de1</value>
         <object_component_ref idref="oc-1af"/>
      </symbol>
      <symbol id="sm-b83">
         <name>sl_SetSockOpt</name>
         <value>0x7d69</value>
         <object_component_ref idref="oc-1af"/>
      </symbol>
      <symbol id="sm-b84">
         <name>_sl_ParseAddress</name>
         <value>0x7249</value>
         <object_component_ref idref="oc-1af"/>
      </symbol>
      <symbol id="sm-b85">
         <name>sl_Listen</name>
         <value>0x7989</value>
         <object_component_ref idref="oc-1af"/>
      </symbol>
      <symbol id="sm-b86">
         <name>SL_FD_ISSET</name>
         <value>0x8051</value>
         <object_component_ref idref="oc-1af"/>
      </symbol>
      <symbol id="sm-b87">
         <name>sl_Bind</name>
         <value>0x7359</value>
         <object_component_ref idref="oc-1af"/>
      </symbol>
      <symbol id="sm-c5d">
         <name>sl_WlanSmartConfigStop</name>
         <value>0x8b11</value>
         <object_component_ref idref="oc-19a"/>
      </symbol>
      <symbol id="sm-c5e">
         <name>sl_WlanProfileAdd</name>
         <value>0x8471</value>
         <object_component_ref idref="oc-19a"/>
      </symbol>
      <symbol id="sm-c5f">
         <name>sl_WlanDisconnect</name>
         <value>0x8321</value>
         <object_component_ref idref="oc-19a"/>
      </symbol>
      <symbol id="sm-c60">
         <name>sl_WlanRxFilterGet</name>
         <value>0x89f1</value>
         <object_component_ref idref="oc-19a"/>
      </symbol>
      <symbol id="sm-c61">
         <name>sl_WlanRxStatGet</name>
         <value>0x8ac1</value>
         <object_component_ref idref="oc-19a"/>
      </symbol>
      <symbol id="sm-c62">
         <name>sl_WlanPolicySet</name>
         <value>0x8341</value>
         <object_component_ref idref="oc-19a"/>
      </symbol>
      <symbol id="sm-c63">
         <name>sl_WlanRxStatStart</name>
         <value>0x8a81</value>
         <object_component_ref idref="oc-19a"/>
      </symbol>
      <symbol id="sm-c64">
         <name>sl_WlanProfileGet</name>
         <value>0x8739</value>
         <object_component_ref idref="oc-19a"/>
      </symbol>
      <symbol id="sm-c65">
         <name>sl_WlanPolicyGet</name>
         <value>0x83b9</value>
         <object_component_ref idref="oc-19a"/>
      </symbol>
      <symbol id="sm-c66">
         <name>sl_WlanGet</name>
         <value>0x8cb1</value>
         <object_component_ref idref="oc-19a"/>
      </symbol>
      <symbol id="sm-c67">
         <name>sl_WlanRxStatStop</name>
         <value>0x8aa1</value>
         <object_component_ref idref="oc-19a"/>
      </symbol>
      <symbol id="sm-c68">
         <name>sl_WlanSmartConfigStart</name>
         <value>0x8b39</value>
         <object_component_ref idref="oc-19a"/>
      </symbol>
      <symbol id="sm-c69">
         <name>sl_WlanRxFilterAdd</name>
         <value>0x8909</value>
         <object_component_ref idref="oc-19a"/>
      </symbol>
      <symbol id="sm-c6a">
         <name>sl_WlanProfileDel</name>
         <value>0x8839</value>
         <object_component_ref idref="oc-19a"/>
      </symbol>
      <symbol id="sm-c6b">
         <name>sl_WlanRxFilterSet</name>
         <value>0x8989</value>
         <object_component_ref idref="oc-19a"/>
      </symbol>
      <symbol id="sm-c6c">
         <name>sl_WlanConnect</name>
         <value>0x80a1</value>
         <object_component_ref idref="oc-19a"/>
      </symbol>
      <symbol id="sm-c6d">
         <name>sl_WlanSet</name>
         <value>0x8c29</value>
         <object_component_ref idref="oc-19a"/>
      </symbol>
      <symbol id="sm-c6e">
         <name>sl_WlanGetNetworkList</name>
         <value>0x8879</value>
         <object_component_ref idref="oc-19a"/>
      </symbol>
      <symbol id="sm-c6f">
         <name>sl_WlanSetMode</name>
         <value>0x8be1</value>
         <object_component_ref idref="oc-19a"/>
      </symbol>
      <symbol id="sm-c90">
         <name>g_ucUARTBuffer</name>
         <value>0x20000f9c</value>
      </symbol>
      <symbol id="sm-c91">
         <name>CLI_Read</name>
         <value>0xb4d9</value>
         <object_component_ref idref="oc-16d"/>
      </symbol>
      <symbol id="sm-c92">
         <name>CLI_Configure</name>
         <value>0xb591</value>
         <object_component_ref idref="oc-16d"/>
      </symbol>
      <symbol id="sm-c93">
         <name>CLI_Write</name>
         <value>0xb531</value>
         <object_component_ref idref="oc-16d"/>
      </symbol>
      <symbol id="sm-cbc">
         <name>IntIsMasked</name>
         <value>0x20000fa4</value>
      </symbol>
      <symbol id="sm-cbd">
         <name>CC3100_InterruptDisable</name>
         <value>0xb681</value>
         <object_component_ref idref="oc-30"/>
      </symbol>
      <symbol id="sm-cbe">
         <name>CC3100_disable</name>
         <value>0xb641</value>
         <object_component_ref idref="oc-30"/>
      </symbol>
      <symbol id="sm-cbf">
         <name>CC3100_InterruptEnable</name>
         <value>0xb671</value>
         <object_component_ref idref="oc-30"/>
      </symbol>
      <symbol id="sm-cc0">
         <name>CC3100_enable</name>
         <value>0xb659</value>
         <object_component_ref idref="oc-30"/>
      </symbol>
      <symbol id="sm-cc1">
         <name>registerInterruptHandler</name>
         <value>0xb629</value>
         <object_component_ref idref="oc-30"/>
      </symbol>
      <symbol id="sm-cc2">
         <name>UnMaskIntHdlr</name>
         <value>0xb699</value>
         <object_component_ref idref="oc-30"/>
      </symbol>
      <symbol id="sm-cc3">
         <name>Delay</name>
         <value>0xb6a1</value>
         <object_component_ref idref="oc-30"/>
      </symbol>
      <symbol id="sm-cc4">
         <name>stopWDT</name>
         <value>0xb621</value>
         <object_component_ref idref="oc-30"/>
      </symbol>
      <symbol id="sm-cc5">
         <name>MaskIntHdlr</name>
         <value>0xb691</value>
         <object_component_ref idref="oc-30"/>
      </symbol>
      <symbol id="sm-cc6">
         <name>pIrqEventHandler</name>
         <value>0x2000126c</value>
         <object_component_ref idref="oc-b7"/>
      </symbol>
      <symbol id="sm-cc7">
         <name>initClk</name>
         <value>0xb609</value>
         <object_component_ref idref="oc-30"/>
      </symbol>
      <symbol id="sm-cc8">
         <name>GPIOB_intHandler</name>
         <value>0xb6c9</value>
         <object_component_ref idref="oc-30"/>
      </symbol>
      <symbol id="sm-cc9">
         <name>UART1_intHandler</name>
         <value>0xb6f9</value>
         <object_component_ref idref="oc-30"/>
      </symbol>
      <symbol id="sm-cdf">
         <name>FPULazyStackingEnable</name>
         <value>0xbf0d</value>
         <object_component_ref idref="oc-87"/>
      </symbol>
      <symbol id="sm-ce0">
         <name>FPUEnable</name>
         <value>0xbefd</value>
         <object_component_ref idref="oc-81"/>
      </symbol>
      <symbol id="sm-d52">
         <name>GPIOPinConfigure</name>
         <value>0xbd0d</value>
         <object_component_ref idref="oc-15b"/>
      </symbol>
      <symbol id="sm-d53">
         <name>GPIOIntDisable</name>
         <value>0xbf2d</value>
         <object_component_ref idref="oc-99"/>
      </symbol>
      <symbol id="sm-d54">
         <name>GPIOIntEnable</name>
         <value>0xbf71</value>
         <object_component_ref idref="oc-93"/>
      </symbol>
      <symbol id="sm-d55">
         <name>GPIOIntTypeSet</name>
         <value>0xbc19</value>
         <object_component_ref idref="oc-2ef"/>
      </symbol>
      <symbol id="sm-d56">
         <name>GPIOPinTypeGPIOInput</name>
         <value>0xbeb5</value>
         <object_component_ref idref="oc-2e9"/>
      </symbol>
      <symbol id="sm-d57">
         <name>GPIOIntClear</name>
         <value>0xbfa5</value>
         <object_component_ref idref="oc-a5"/>
      </symbol>
      <symbol id="sm-d58">
         <name>GPIOPinTypeUART</name>
         <value>0xbed9</value>
         <object_component_ref idref="oc-161"/>
      </symbol>
      <symbol id="sm-d59">
         <name>GPIOIntStatus</name>
         <value>0xbf3b</value>
         <object_component_ref idref="oc-9f"/>
      </symbol>
      <symbol id="sm-d5a">
         <name>GPIODirModeSet</name>
         <value>0xbe49</value>
         <object_component_ref idref="oc-225"/>
      </symbol>
      <symbol id="sm-d5b">
         <name>GPIOPinWrite</name>
         <value>0xbfab</value>
         <object_component_ref idref="oc-301"/>
      </symbol>
      <symbol id="sm-d5c">
         <name>GPIOPadConfigSet</name>
         <value>0xb3a5</value>
         <object_component_ref idref="oc-22b"/>
      </symbol>
      <symbol id="sm-d5d">
         <name>GPIOPinTypeSSI</name>
         <value>0xbec7</value>
         <object_component_ref idref="oc-2d1"/>
      </symbol>
      <symbol id="sm-d8d">
         <name>IntEnable</name>
         <value>0xbbb1</value>
         <object_component_ref idref="oc-2f5"/>
      </symbol>
      <symbol id="sm-d8e">
         <name>IntMasterEnable</name>
         <value>0xbf1d</value>
         <object_component_ref idref="oc-2fb"/>
      </symbol>
      <symbol id="sm-dbd">
         <name>SSIDataGetNonBlocking</name>
         <value>0xbeeb</value>
         <object_component_ref idref="oc-30d"/>
      </symbol>
      <symbol id="sm-dbe">
         <name>SSIDataPutNonBlocking</name>
         <value>0xbf49</value>
         <object_component_ref idref="oc-307"/>
      </symbol>
      <symbol id="sm-dbf">
         <name>SSIConfigSetExpClk</name>
         <value>0xbdd9</value>
         <object_component_ref idref="oc-2dd"/>
      </symbol>
      <symbol id="sm-dc0">
         <name>SSIEnable</name>
         <value>0xbf89</value>
         <object_component_ref idref="oc-2e3"/>
      </symbol>
      <symbol id="sm-dc1">
         <name>SSIBusy</name>
         <value>0xbf9d</value>
         <object_component_ref idref="oc-313"/>
      </symbol>
      <symbol id="sm-e13">
         <name>SysCtlClockSet</name>
         <value>0xb841</value>
         <object_component_ref idref="oc-8d"/>
      </symbol>
      <symbol id="sm-e14">
         <name>SysCtlDelay</name>
         <value>0xbfb1</value>
         <object_component_ref idref="oc-113"/>
      </symbol>
      <symbol id="sm-e15">
         <name>SysCtlPeripheralEnable</name>
         <value>0xbe15</value>
         <object_component_ref idref="oc-155"/>
      </symbol>
      <symbol id="sm-e16">
         <name>SysCtlClockGet</name>
         <value>0xb731</value>
         <object_component_ref idref="oc-2d7"/>
      </symbol>
      <symbol id="sm-e33">
         <name>UARTClockSourceSet</name>
         <value>0xbfb7</value>
         <object_component_ref idref="oc-167"/>
      </symbol>
      <symbol id="sm-e34">
         <name>UARTIntClear</name>
         <value>0x5d2d</value>
         <object_component_ref idref="oc-b1"/>
      </symbol>
      <symbol id="sm-e35">
         <name>UARTIntStatus</name>
         <value>0xbf93</value>
         <object_component_ref idref="oc-ab"/>
      </symbol>
      <symbol id="sm-e3f">
         <name>CPUcpsie</name>
         <value>0xbf65</value>
         <object_component_ref idref="oc-357"/>
      </symbol>
      <symbol id="sm-e51">
         <name>_c_int00</name>
         <value>0xbc71</value>
         <object_component_ref idref="oc-24"/>
      </symbol>
      <symbol id="sm-e52">
         <name>__stack</name>
         <value>0x20000fa8</value>
         <object_component_ref idref="oc-29"/>
      </symbol>
      <symbol id="sm-e69">
         <name>__TI_decompress_none</name>
         <value>0xbf57</value>
         <object_component_ref idref="oc-12"/>
      </symbol>
      <symbol id="sm-e8c">
         <name>__TI_decompress_rle24</name>
         <value>0xbfbd</value>
         <object_component_ref idref="oc-18"/>
      </symbol>
      <symbol id="sm-e9e">
         <name>__TI_zero_init</name>
         <value>0xbf7d</value>
         <object_component_ref idref="oc-1e"/>
      </symbol>
      <symbol id="sm-ebd">
         <name>C$$EXIT</name>
         <value>0xbd55</value>
         <object_component_ref idref="oc-76"/>
      </symbol>
      <symbol id="sm-ebe">
         <name>abort</name>
         <value>0xbd59</value>
         <object_component_ref idref="oc-76"/>
      </symbol>
      <symbol id="sm-ebf">
         <name>exit</name>
         <value>0xbd61</value>
         <object_component_ref idref="oc-76"/>
      </symbol>
      <symbol id="sm-ec0">
         <name>__TI_dtors_ptr</name>
         <value>0x20001268</value>
         <object_component_ref idref="oc-109"/>
      </symbol>
      <symbol id="sm-ec1">
         <name>__TI_cleanup_ptr</name>
         <value>0x20001264</value>
         <object_component_ref idref="oc-109"/>
      </symbol>
      <symbol id="sm-edc">
         <name>memcpy</name>
         <value>0xb935</value>
         <object_component_ref idref="oc-3f"/>
      </symbol>
      <symbol id="sm-edd">
         <name>__aeabi_memcpy</name>
         <value>0xb935</value>
         <object_component_ref idref="oc-3f"/>
      </symbol>
      <symbol id="sm-ede">
         <name>__aeabi_memcpy8</name>
         <value>0xb935</value>
         <object_component_ref idref="oc-3f"/>
      </symbol>
      <symbol id="sm-edf">
         <name>__aeabi_memcpy4</name>
         <value>0xb935</value>
         <object_component_ref idref="oc-3f"/>
      </symbol>
      <symbol id="sm-eee">
         <name>__aeabi_memset</name>
         <value>0xba5f</value>
         <object_component_ref idref="oc-58"/>
      </symbol>
      <symbol id="sm-eef">
         <name>memset</name>
         <value>0xba65</value>
         <object_component_ref idref="oc-58"/>
      </symbol>
      <symbol id="sm-ef0">
         <name>__aeabi_memset8</name>
         <value>0xba5f</value>
         <object_component_ref idref="oc-58"/>
      </symbol>
      <symbol id="sm-ef1">
         <name>__aeabi_memset4</name>
         <value>0xba5f</value>
         <object_component_ref idref="oc-58"/>
      </symbol>
      <symbol id="sm-ef2">
         <name>__aeabi_memclr8</name>
         <value>0xba5d</value>
         <object_component_ref idref="oc-58"/>
      </symbol>
      <symbol id="sm-ef3">
         <name>__aeabi_memclr4</name>
         <value>0xba5d</value>
         <object_component_ref idref="oc-58"/>
      </symbol>
      <symbol id="sm-ef4">
         <name>__aeabi_memclr</name>
         <value>0xba5d</value>
         <object_component_ref idref="oc-58"/>
      </symbol>
      <symbol id="sm-efe">
         <name>_system_pre_init</name>
         <value>0x71b5</value>
         <object_component_ref idref="oc-64"/>
      </symbol>
      <symbol id="sm-f06">
         <name>main_func_sp</name>
         <value>0x20001270</value>
         <object_component_ref idref="oc-7c"/>
      </symbol>
      <symbol id="sm-f14">
         <name>strlen</name>
         <value>0xbea1</value>
         <object_component_ref idref="oc-233"/>
      </symbol>
      <symbol id="sm-f26">
         <name>__aeabi_uidivmod</name>
         <value>0xbd99</value>
         <object_component_ref idref="oc-150"/>
      </symbol>
      <symbol id="sm-f27">
         <name>__aeabi_uidiv</name>
         <value>0xbd99</value>
         <object_component_ref idref="oc-150"/>
      </symbol>
      <symbol id="sm-f40">
         <name>_nop</name>
         <value>0xbe9b</value>
         <object_component_ref idref="oc-1e3"/>
      </symbol>
      <symbol id="sm-f41">
         <name>_lock</name>
         <value>0x2000125c</value>
         <object_component_ref idref="oc-106"/>
      </symbol>
      <symbol id="sm-f42">
         <name>_unlock</name>
         <value>0x20001260</value>
         <object_component_ref idref="oc-106"/>
      </symbol>
      <symbol id="sm-f43">
         <name>_register_lock</name>
         <value>0xbe93</value>
         <object_component_ref idref="oc-1e3"/>
      </symbol>
      <symbol id="sm-f44">
         <name>_register_unlock</name>
         <value>0xbe8d</value>
         <object_component_ref idref="oc-1e3"/>
      </symbol>
      <symbol id="sm-f59">
         <name>_args_main</name>
         <value>0xbe75</value>
         <object_component_ref idref="oc-70"/>
      </symbol>
      <symbol id="sm-f7f">
         <name>__TI_auto_init</name>
         <value>0xbad9</value>
         <object_component_ref idref="oc-6a"/>
      </symbol>
      <symbol id="sm-f99">
         <name>copy_in</name>
         <value>0xbcc1</value>
         <object_component_ref idref="oc-f6"/>
      </symbol>
      <symbol id="sm-fa3">
         <name>__aeabi_idiv0</name>
         <value>0x8d7d</value>
         <object_component_ref idref="oc-219"/>
      </symbol>
      <symbol id="sm-fa4">
         <name>__TI_static_base__</name>
         <value>0x0</value>
      </symbol>
      <symbol id="sm-fa7">
         <name>SHT$$INIT_ARRAY$$Limit</name>
         <value>0x0</value>
      </symbol>
      <symbol id="sm-fa8">
         <name>SHT$$INIT_ARRAY$$Base</name>
         <value>0x0</value>
      </symbol>
   </symbol_table>
   <title>Link successful</title>
</link_info>
