******************************************************************************
                  TI ARM Linker PC v5.2.5                      
******************************************************************************
>> Linked Sun Oct 16 03:35:02 2016

OUTPUT FILE NAME:   <getting_started_with_wlan_station.out>
ENTRY POINT SYMBOL: "_c_int00"  address: 0000bc71


MEMORY CONFIGURATION

         name            origin    length      used     unused   attr    fill
----------------------  --------  ---------  --------  --------  ----  --------
  FLASH                 00000000   00040000  0000c380  00033c80  R  X
  SRAM                  20000000   00008000  00001273  00006d8d  RW X


SEGMENT ALLOCATION MAP

run origin  load origin   length   init length attrs members
----------  ----------- ---------- ----------- ----- -------
00000000    00000000    0000c388   0000c388    r-x
  00000000    00000000    0000026c   0000026c    r-- .intvecs
  00000270    00000270    0000bd52   0000bd52    r-x .text
  0000bfc4    0000bfc4    00000382   00000382    r-- .const
  0000c348    0000c348    00000040   00000040    r-- .cinit
20000000    20000000    00001274   00000000    rw-
  20000000    20000000    00000fa7   00000000    rw- .bss
  20000fa8    20000fa8    00000258   00000000    rw- .stack
  20001200    20001200    00000074   00000000    rw- .data


SECTION ALLOCATION MAP

 output                                  attributes/
section   page    origin      length       input sections
--------  ----  ----------  ----------   ----------------
.intvecs   0    00000000    0000026c     
                  00000000    0000026c     tm4c123gh6pm_startup_ccs.obj (.intvecs)

.text      0    00000270    0000bd52     
                  00000270    00003c68     ff.obj (.text)
                  00003ed8    00001e54     driver.obj (.text)
                  00005d2c    00000004     driverlib.lib : uart.obj (.text:UARTIntClear)
                  00005d30    00001484     main.obj (.text)
                  000071b4    00000004     rtsv7M4_T_le_v4SPD16_eabi.lib : pre_init.obj (.text)
                  000071b8    00000ee8     socket.obj (.text)
                  000080a0    00000cdc     wlan.obj (.text)
                  00008d7c    00000002     rtsv7M4_T_le_v4SPD16_eabi.lib : i_div0.obj (.text)
                  00008d7e    00000002     --HOLE-- [fill = 0]
                  00008d80    00000c50     diskio.obj (.text)
                  000099d0    00000b9c     netapp.obj (.text)
                  0000a56c    00000004     --HOLE-- [fill = 0]
                  0000a570    00000544     device.obj (.text)
                  0000aab4    00000004     --HOLE-- [fill = 0]
                  0000aab8    000003f4     tm4c123gh6pm_startup_ccs.obj (.text)
                  0000aeac    00000004     --HOLE-- [fill = 0]
                  0000aeb0    00000228     spi.obj (.text)
                  0000b0d8    0000017c     nonos.obj (.text)
                  0000b254    00000004     --HOLE-- [fill = 0]
                  0000b258    0000014c     netcfg.obj (.text)
                  0000b3a4    00000132     driverlib.lib : gpio.obj (.text:GPIOPadConfigSet)
                  0000b4d6    00000002     --HOLE-- [fill = 0]
                  0000b4d8    0000012c     cli_uart.obj (.text)
                  0000b604    00000004     --HOLE-- [fill = 0]
                  0000b608    00000128     board.obj (.text)
                  0000b730    00000110     driverlib.lib : sysctl.obj (.text:SysCtlClockGet)
                  0000b840    000000f4                   : sysctl.obj (.text:SysCtlClockSet)
                  0000b934    0000009c     rtsv7M4_T_le_v4SPD16_eabi.lib : memcpy_t2.obj (.text)
                  0000b9d0    0000008c     PLL.obj (.text)
                  0000ba5c    0000007a     rtsv7M4_T_le_v4SPD16_eabi.lib : memset_t2.obj (.text)
                  0000bad6    00000002     --HOLE-- [fill = 0]
                  0000bad8    0000006c                                   : autoinit.obj (.text)
                  0000bb44    0000006a                                   : copy_decompress_rle.obj (.text)
                  0000bbae    00000002     --HOLE-- [fill = 0]
                  0000bbb0    00000068     driverlib.lib : interrupt.obj (.text:IntEnable)
                  0000bc18    00000056                   : gpio.obj (.text:GPIOIntTypeSet)
                  0000bc6e    00000002     --HOLE-- [fill = 0]
                  0000bc70    00000050     rtsv7M4_T_le_v4SPD16_eabi.lib : boot.obj (.text)
                  0000bcc0    0000004c                                   : cpy_tbl.obj (.text)
                  0000bd0c    00000048     driverlib.lib : gpio.obj (.text:GPIOPinConfigure)
                  0000bd54    00000044     rtsv7M4_T_le_v4SPD16_eabi.lib : exit.obj (.text)
                  0000bd98    00000040                                   : u_divt2.obj (.text)
                  0000bdd8    0000003c     driverlib.lib : ssi.obj (.text:SSIConfigSetExpClk)
                  0000be14    00000034                   : sysctl.obj (.text:SysCtlPeripheralEnable)
                  0000be48    0000002a                   : gpio.obj (.text:GPIODirModeSet)
                  0000be72    00000002     --HOLE-- [fill = 0]
                  0000be74    00000018     rtsv7M4_T_le_v4SPD16_eabi.lib : args_main.obj (.text)
                  0000be8c    00000014                                   : _lock.obj (.text)
                  0000bea0    00000014                                   : strlen.obj (.text)
                  0000beb4    00000012     driverlib.lib : gpio.obj (.text:GPIOPinTypeGPIOInput)
                  0000bec6    00000012                   : gpio.obj (.text:GPIOPinTypeSSI)
                  0000bed8    00000012                   : gpio.obj (.text:GPIOPinTypeUART)
                  0000beea    00000012                   : ssi.obj (.text:SSIDataGetNonBlocking)
                  0000befc    00000010                   : fpu.obj (.text:FPUEnable)
                  0000bf0c    00000010                   : fpu.obj (.text:FPULazyStackingEnable)
                  0000bf1c    00000010                   : interrupt.obj (.text:IntMasterEnable)
                  0000bf2c    0000000e                   : gpio.obj (.text:GPIOIntDisable)
                  0000bf3a    0000000e                   : gpio.obj (.text:GPIOIntStatus)
                  0000bf48    0000000e                   : ssi.obj (.text:SSIDataPutNonBlocking)
                  0000bf56    0000000e     rtsv7M4_T_le_v4SPD16_eabi.lib : copy_decompress_none.obj (.text:decompress:none)
                  0000bf64    0000000c     driverlib.lib : cpu.obj (.text:CPUcpsie)
                  0000bf70    0000000c                   : gpio.obj (.text:GPIOIntEnable)
                  0000bf7c    0000000c     rtsv7M4_T_le_v4SPD16_eabi.lib : copy_zero_init.obj (.text:decompress:ZI)
                  0000bf88    0000000a     driverlib.lib : ssi.obj (.text:SSIEnable)
                  0000bf92    0000000a                   : uart.obj (.text:UARTIntStatus)
                  0000bf9c    00000008                   : ssi.obj (.text:SSIBusy)
                  0000bfa4    00000006                   : gpio.obj (.text:GPIOIntClear)
                  0000bfaa    00000006                   : gpio.obj (.text:GPIOPinWrite)
                  0000bfb0    00000006                   : sysctl.obj (.text:SysCtlDelay)
                  0000bfb6    00000006                   : uart.obj (.text:UARTClockSourceSet)
                  0000bfbc    00000006     rtsv7M4_T_le_v4SPD16_eabi.lib : copy_decompress_rle.obj (.text:decompress:rle24)

.const     0    0000bfc4    00000382     
                  0000bfc4    00000090     driverlib.lib : gpio.obj (.const:g_pui32GPIOBaseAddrs)
                  0000c054    00000070                   : interrupt.obj (.const)
                  0000c0c4    0000006c                   : sysctl.obj (.const:g_pui32Xtals)
                  0000c130    0000003c     driver.obj (.const:OpcodeTranslateTable)
                  0000c16c    0000003c     main.obj (.const)
                  0000c1a8    0000003c     wlan.obj (.const)
                  0000c1e4    00000038     driver.obj (.const:_SlActionLookupTable)
                  0000c21c    00000034     socket.obj (.const)
                  0000c250    00000030     driver.obj (.const)
                  0000c280    0000002c     main.obj (.const:$P$T0$3)
                  0000c2ac    0000002c     ff.obj (.const)
                  0000c2d8    00000028     netapp.obj (.const)
                  0000c300    0000001c     device.obj (.const)
                  0000c31c    00000012     main.obj (.const:.string)
                  0000c32e    00000010     socket.obj (.const:.string)
                  0000c33e    00000008     netcfg.obj (.const)

.cinit     0    0000c348    00000040     
                  0000c348    00000016     (.cinit..data.load) [load image, compression = rle]
                  0000c35e    00000002     --HOLE-- [fill = 0]
                  0000c360    0000000c     (__TI_handler_table)
                  0000c36c    00000004     --HOLE-- [fill = 0]
                  0000c370    00000008     (.cinit..bss.load) [load image, compression = zero_init]
                  0000c378    00000010     (__TI_cinit_table)

.init_array 
*          0    00000000    00000000     UNINITIALIZED

.bss       0    20000000    00000fa7     UNINITIALIZED
                  20000000    00000578     main.obj (.bss:uBuf)
                  20000578    00000234     main.obj (.bss:sdVolume)
                  200007ac    00000224     main.obj (.bss:Handle2)
                  200009d0    00000224     main.obj (.bss:Handle)
                  20000bf4    00000200     main.obj (.bss:buffer)
                  20000df4    00000168     driver.obj (.bss:g_StatMem)
                  20000f5c    0000001c     (.common:Handle_dir)
                  20000f78    00000018     (.common:fno$2)
                  20000f90    00000004     (.common:FatFs)
                  20000f94    00000004     (.common:Timer1)
                  20000f98    00000004     (.common:Timer2)
                  20000f9c    00000004     (.common:g_ucUARTBuffer)
                  20000fa0    00000002     (.common:Fsid)
                  20000fa2    00000001     (.common:CardType)
                  20000fa3    00000001     (.common:Fresult)
                  20000fa4    00000001     (.common:IntIsMasked)
                  20000fa5    00000001     (.common:RxIrqCnt)
                  20000fa6    00000001     (.common:g_bDeviceRestartIsRequired)

.TI.noinit 
*          0    20000000    00000000     UNINITIALIZED

.stack     0    20000fa8    00000258     UNINITIALIZED
                  20000fa8    00000258     --HOLE--

.data      0    20001200    00000074     UNINITIALIZED
                  20001200    0000003c     nonos.obj (.data:g__SlNonOsCB)
                  2000123c    00000011     main.obj (.data)
                  2000124d    00000001     diskio.obj (.data)
                  2000124e    00000002     --HOLE--
                  20001250    00000009     driver.obj (.data)
                  20001259    00000003     --HOLE--
                  2000125c    00000008     rtsv7M4_T_le_v4SPD16_eabi.lib : _lock.obj (.data)
                  20001264    00000008                                   : exit.obj (.data)
                  2000126c    00000004     board.obj (.data)
                  20001270    00000004     rtsv7M4_T_le_v4SPD16_eabi.lib : stkdepth_vars.obj (.data)

.TI.persistent 
*          0    20001200    00000000     UNINITIALIZED


LINKER GENERATED COPY TABLES

__TI_cinit_table @ 0000c378 records: 2, size/record: 8, table size: 16
	.data: load addr=0000c348, load size=00000016 bytes, run addr=20001200, run size=00000074 bytes, compression=rle
	.bss: load addr=0000c370, load size=00000008 bytes, run addr=20000000, run size=00000fa7 bytes, compression=zero_init


LINKER GENERATED HANDLER TABLE

__TI_handler_table @ 0000c360 records: 3, size/record: 4, table size: 12
	index: 0, handler: __TI_decompress_rle24
	index: 1, handler: __TI_decompress_none
	index: 2, handler: __TI_zero_init


GLOBAL SYMBOLS: SORTED ALPHABETICALLY BY Name 

address   name                                  
-------   ----                                  
0000ab69  ADC0Seq0_Handler                      
0000ab71  ADC0Seq1_Handler                      
0000ab79  ADC0Seq2_Handler                      
0000ab81  ADC0Seq3_Handler                      
0000ac79  ADC1Seq0_Handler                      
0000ac81  ADC1Seq1_Handler                      
0000ac89  ADC1Seq2_Handler                      
0000ac91  ADC1Seq3_Handler                      
0000bd55  C$$EXIT                               
0000ac31  CAN0_Handler                          
0000ac39  CAN1_Handler                          
0000ac41  CAN2_Handler                          
0000b681  CC3100_InterruptDisable               
0000b671  CC3100_InterruptEnable                
0000b641  CC3100_disable                        
0000b659  CC3100_enable                         
0000b591  CLI_Configure                         
0000b4d9  CLI_Read                              
0000b531  CLI_Write                             
0000bf65  CPUcpsie                              
00008d81  CS_Init                               
0000abc1  Comp0_Handler                         
0000abc9  Comp1_Handler                         
0000abd1  Comp2_Handler                         
0000aae1  DebugMon_Handler                      
0000b6a1  Delay                                 
0000ae89  DisableInterrupts                     
0000ae91  EnableInterrupts                      
0000aea1  EndCritical                           
0000ac49  Ethernet_Handler                      
0000aca1  ExtBus_Handler                        
0000befd  FPUEnable                             
0000bf0d  FPULazyStackingEnable                 
0000ad89  FPU_Handler                           
0000adc9  Fan0_Handler                          
0000abe1  FlashCtl_Handler                      
20000fa3  Fresult                               
0000b6c9  GPIOB_intHandler                      
0000be49  GPIODirModeSet                        
0000bfa5  GPIOIntClear                          
0000bf2d  GPIOIntDisable                        
0000bf71  GPIOIntEnable                         
0000bf3b  GPIOIntStatus                         
0000bc19  GPIOIntTypeSet                        
0000b3a5  GPIOPadConfigSet                      
0000bd0d  GPIOPinConfigure                      
0000beb5  GPIOPinTypeGPIOInput                  
0000bec7  GPIOPinTypeSSI                        
0000bed9  GPIOPinTypeUART                       
0000bfab  GPIOPinWrite                          
0000aaf9  GPIOPortA_Handler                     
0000ab01  GPIOPortB_Handler                     
0000ab09  GPIOPortC_Handler                     
0000ab11  GPIOPortD_Handler                     
0000ab19  GPIOPortE_Handler                     
0000abe9  GPIOPortF_Handler                     
0000abf1  GPIOPortG_Handler                     
0000abf9  GPIOPortH_Handler                     
0000aca9  GPIOPortJ_Handler                     
0000acb1  GPIOPortK_Handler                     
0000acb9  GPIOPortL_Handler                     
0000adb1  GPIOPortM_Handler                     
0000adb9  GPIOPortN_Handler                     
0000add9  GPIOPortP1_Handler                    
0000ade1  GPIOPortP2_Handler                    
0000ade9  GPIOPortP3_Handler                    
0000adf1  GPIOPortP4_Handler                    
0000adf9  GPIOPortP5_Handler                    
0000ae01  GPIOPortP6_Handler                    
0000ae09  GPIOPortP7_Handler                    
0000add1  GPIOPortP_Handler                     
0000ae19  GPIOPortQ1_Handler                    
0000ae21  GPIOPortQ2_Handler                    
0000ae29  GPIOPortQ3_Handler                    
0000ae31  GPIOPortQ4_Handler                    
0000ae39  GPIOPortQ5_Handler                    
0000ae41  GPIOPortQ6_Handler                    
0000ae49  GPIOPortQ7_Handler                    
0000ae11  GPIOPortQ_Handler                     
0000ae51  GPIOPortR_Handler                     
0000ae59  GPIOPortS_Handler                     
200009d0  Handle                                
200007ac  Handle2                               
20000f5c  Handle_dir                            
0000ac51  Hibernate_Handler                     
0000ab39  I2C0_Handler                          
0000ac21  I2C1_Handler                          
0000acf9  I2C2_Handler                          
0000ad01  I2C3_Handler                          
0000ada1  I2C4_Handler                          
0000ada9  I2C5_Handler                          
0000ac99  I2S0_Handler                          
0000bbb1  IntEnable                             
20000fa4  IntIsMasked                           
0000bf1d  IntMasterEnable                       
0000ad99  LPC0_Handler                          
0000b691  MaskIntHdlr                           
0000c130  OpcodeTranslateTable                  
0000ad91  PECI0_Handler                         
0000b9d1  PLL_Init                              
0000ab41  PWM0Fault_Handler                     
0000ab49  PWM0Generator0_Handler                
0000ab51  PWM0Generator1_Handler                
0000ab59  PWM0Generator2_Handler                
0000ac61  PWM0Generator3_Handler                
0000ae81  PWM1Fault_Handler                     
0000ae61  PWM1Generator0_Handler                
0000ae69  PWM1Generator1_Handler                
0000ae71  PWM1Generator2_Handler                
0000ae79  PWM1Generator3_Handler                
0000aae9  PendSV_Handler                        
00006299  PortF_Init                            
0000ab61  Quadrature0_Handler                   
0000ac29  Quadrature1_Handler                   
0000adc1  Quadrature2_Handler                   
0000aab9  ResetISR                              
20000fa5  RxIrqCnt                              
UNDEFED   SHT$$INIT_ARRAY$$Base                 
UNDEFED   SHT$$INIT_ARRAY$$Limit                
00008029  SL_FD_CLR                             
00008051  SL_FD_ISSET                           
00008001  SL_FD_SET                             
00008079  SL_FD_ZERO                            
0000ab31  SSI0_Handler                          
00008df9  SSI0_Init                             
0000ac09  SSI1_Handler                          
0000acc1  SSI2_Handler                          
0000acc9  SSI3_Handler                          
0000bf9d  SSIBusy                               
0000bdd9  SSIConfigSetExpClk                    
0000beeb  SSIDataGetNonBlocking                 
0000bf49  SSIDataPutNonBlocking                 
0000bf89  SSIEnable                             
0000aad9  SVC_Handler                           
000063d9  SimpleLinkGeneralEventHandler         
000063c9  SimpleLinkHttpServerCallback          
00006381  SimpleLinkNetAppEventHandler          
00006421  SimpleLinkSockEventHandler            
00006309  SimpleLinkWlanEventHandler            
0000ae99  StartCritical                         
0000b731  SysCtlClockGet                        
0000b841  SysCtlClockSet                        
0000bfb1  SysCtlDelay                           
0000be15  SysCtlPeripheralEnable                
0000abd9  SysCtl_Handler                        
0000aaf1  SysTick_Handler                       
0000ab91  Timer0A_Handler                       
0000ab99  Timer0B_Handler                       
0000aba1  Timer1A_Handler                       
0000aba9  Timer1B_Handler                       
0000abb1  Timer2A_Handler                       
0000abb9  Timer2B_Handler                       
0000ac11  Timer3A_Handler                       
0000ac19  Timer3B_Handler                       
0000ad09  Timer4A_Handler                       
0000ad11  Timer4B_Handler                       
00009981  Timer5A_Handler                       
0000ad21  Timer5B_Handler                       
00009919  Timer5_Init                           
0000ab21  UART0_Handler                         
0000ab29  UART1_Handler                         
0000b6f9  UART1_intHandler                      
0000ac01  UART2_Handler                         
0000acd1  UART3_Handler                         
0000acd9  UART4_Handler                         
0000ace1  UART5_Handler                         
0000ace9  UART6_Handler                         
0000acf1  UART7_Handler                         
0000bfb7  UARTClockSourceSet                    
00005d2d  UARTIntClear                          
0000bf93  UARTIntStatus                         
00005d31  UARTStdioConfig                       
00005eb9  UARTgetc                              
00005de9  UARTgets                              
00006229  UARTprintf                            
00005ef1  UARTvprintf                           
00005d91  UARTwrite                             
0000ac59  USB0_Handler                          
0000b699  UnMaskIntHdlr                         
0000ab89  WDT_Handler                           
0000aea9  WaitForInterrupt                      
0000ad29  WideTimer0A_Handler                   
0000ad31  WideTimer0B_Handler                   
0000ad39  WideTimer1A_Handler                   
0000ad41  WideTimer1B_Handler                   
0000ad49  WideTimer2A_Handler                   
0000ad51  WideTimer2B_Handler                   
0000ad59  WideTimer3A_Handler                   
0000ad61  WideTimer3B_Handler                   
0000ad69  WideTimer4A_Handler                   
0000ad71  WideTimer4B_Handler                   
0000ad79  WideTimer5A_Handler                   
0000ad81  WideTimer5B_Handler                   
0000c1e4  _SlActionLookupTable                  
00005c71  _SlDriverHandleError                  
00005429  _SlDrvBasicCmd                        
00004261  _SlDrvCmdOp                           
00005481  _SlDrvCmdSend                         
00004329  _SlDrvDataReadOp                      
00004541  _SlDrvDataWriteOp                     
0000a9f9  _SlDrvDeviceEventHandler              
00005ac1  _SlDrvDispatchHttpServerEvents        
000040e1  _SlDrvDriverCBDeinit                  
00003f21  _SlDrvDriverCBInit                    
00005bb1  _SlDrvGlobalObjUnLock                 
00005bd9  _SlDrvMemZero                         
00005051  _SlDrvMsgReadSpawnCtx                 
0000a451  _SlDrvNetAppEventHandler              
00005af1  _SlDrvObjLockWaitForever              
00005b41  _SlDrvObjUnLock                       
00003ed9  _SlDrvProtectAsyncRespSetting         
00005b19  _SlDrvProtectionObjLockWaitForever    
00005b61  _SlDrvProtectionObjUnLock             
00005699  _SlDrvReleasePoolObj                  
00005bf1  _SlDrvResetCmdExt                     
00004219  _SlDrvRxIrqHandler                    
00005ad1  _SlDrvSyncObjSignal                   
00005c01  _SlDrvSyncObjWaitForever              
00005c29  _SlDrvSyncObjWaitTimeout              
000054f9  _SlDrvWaitForPoolObj                  
0000c2f4  _SlNetAppSendTokenValueCmdCtrl        
0000b1d9  _SlNonOsMainLoopTask                  
0000b0f1  _SlNonOsSemGet                        
0000b0d9  _SlNonOsSemSet                        
0000b171  _SlNonOsSpawn                         
20001200  __STACK_END                           
00000258  __STACK_SIZE                          
200011a8  __STACK_TOP                           
0000c378  __TI_CINIT_Base                       
0000c388  __TI_CINIT_Limit                      
0000c360  __TI_Handler_Table_Base               
0000c36c  __TI_Handler_Table_Limit              
0000bad9  __TI_auto_init                        
20001264  __TI_cleanup_ptr                      
0000bf57  __TI_decompress_none                  
0000bfbd  __TI_decompress_rle24                 
20001268  __TI_dtors_ptr                        
00000000  __TI_static_base__                    
0000bf7d  __TI_zero_init                        
00008d7d  __aeabi_idiv0                         
0000ba5d  __aeabi_memclr                        
0000ba5d  __aeabi_memclr4                       
0000ba5d  __aeabi_memclr8                       
0000b935  __aeabi_memcpy                        
0000b935  __aeabi_memcpy4                       
0000b935  __aeabi_memcpy8                       
0000ba5f  __aeabi_memset                        
0000ba5f  __aeabi_memset4                       
0000ba5f  __aeabi_memset8                       
0000bd99  __aeabi_uidiv                         
0000bd99  __aeabi_uidivmod                      
ffffffff  __binit__                             
ffffffff  __c_args__                            
20000fa8  __stack                               
0000be75  _args_main                            
0000bc71  _c_int00                              
2000125c  _lock                                 
0000be9b  _nop                                  
0000be93  _register_lock                        
0000be8d  _register_unlock                      
00007c21  _sl_HandleAsync_Accept                
000077e9  _sl_HandleAsync_Connect               
00009e79  _sl_HandleAsync_DnsGetHostByAddr      
00009fb9  _sl_HandleAsync_DnsGetHostByName      
00009db1  _sl_HandleAsync_DnsGetHostByService   
0000a669  _sl_HandleAsync_InitComplete          
0000a091  _sl_HandleAsync_PingResponse          
00007c89  _sl_HandleAsync_Select                
0000a6e9  _sl_HandleAsync_Stop                  
0000a341  _sl_NetAppSendTokenValue              
00007249  _sl_ParseAddress                      
000071b5  _system_pre_init                      
20001260  _unlock                               
0000bd59  abort                                 
ffffffff  binit                                 
20000bf4  buffer                                
00000551  clust2sect                            
00006251  commoninit                            
0000bcc1  copy_in                               
000062f1  diskError                             
00009289  disk_initialize                       
00009601  disk_ioctl                            
00009479  disk_read                             
00009459  disk_status                           
000098a9  disk_timerproc                        
00009529  disk_write                            
0000bd61  exit                                  
00002431  f_chdir                               
00003029  f_chmod                               
00002401  f_close                               
00002941  f_closedir                            
000024a9  f_getcwd                              
00002a49  f_getfree                             
000032d9  f_getlabel                            
00002639  f_lseek                               
00002e29  f_mkdir                               
00003681  f_mkfs                                
00001b29  f_mount                               
00001bb1  f_open                                
00002891  f_opendir                             
00001de1  f_read                                
00002961  f_readdir                             
000030d1  f_rename                              
000033d9  f_setlabel                            
000029f1  f_stat                                
00002301  f_sync                                
00002bc9  f_truncate                            
00002d01  f_unlink                              
00003239  f_utime                               
00002041  f_write                               
20001248  g_GatewayIP                           
20001244  g_PingPacketsRecv                     
20001240  g_Status                              
20001200  g__SlNonOsCB                          
20000fa6  g_bDeviceRestartIsRequired            
20001250  g_pCB                                 
00000000  g_pfnVectors                          
20000f9c  g_ucUARTBuffer                        
00000589  get_fat                               
0000b609  initClk                               
00006261  inituart                              
00006649  main                                  
20001270  main_func_sp                          
0000b935  memcpy                                
0000ba65  memset                                
2000126c  pIrqEventHandler                      
20001254  pPingCallBackFunc                     
000006d9  put_fat                               
0000b629  registerInterruptHandler              
20000578  sdVolume                              
000079d9  sl_Accept                             
00007359  sl_Bind                               
00007319  sl_Close                              
00007671  sl_Connect                            
0000a8c1  sl_DevGet                             
0000a979  sl_DevSet                             
0000a869  sl_EventMaskGet                       
0000a819  sl_EventMaskSet                       
00007de1  sl_GetSockOpt                         
00007b99  sl_Htonl                              
00007be1  sl_Htons                              
00007989  sl_Listen                             
00009e89  sl_NetAppDnsGetHostByName             
00009cb1  sl_NetAppDnsGetHostByService          
0000a3b1  sl_NetAppGet                          
00009a49  sl_NetAppGetServiceList               
00009c09  sl_NetAppMDNSRegisterService          
00009b39  sl_NetAppMDNSRegisterUnregisterService
00009c59  sl_NetAppMDNSUnRegisterService        
0000a121  sl_NetAppPingStart                    
0000a2c1  sl_NetAppSet                          
000099d1  sl_NetAppStart                        
00009a09  sl_NetAppStop                         
0000b2d9  sl_NetCfgGet                          
0000b259  sl_NetCfgSet                          
00007ce1  sl_Recv                               
00007539  sl_RecvFrom                           
00007e99  sl_Select                             
00007869  sl_Send                               
000073f9  sl_SendTo                             
00007d69  sl_SetSockOpt                         
000072a9  sl_Socket                             
0000a591  sl_Start                              
0000a739  sl_Stop                               
0000a589  sl_Task                               
000080a1  sl_WlanConnect                        
00008321  sl_WlanDisconnect                     
00008cb1  sl_WlanGet                            
00008879  sl_WlanGetNetworkList                 
000083b9  sl_WlanPolicyGet                      
00008341  sl_WlanPolicySet                      
00008471  sl_WlanProfileAdd                     
00008839  sl_WlanProfileDel                     
00008739  sl_WlanProfileGet                     
00008909  sl_WlanRxFilterAdd                    
000089f1  sl_WlanRxFilterGet                    
00008989  sl_WlanRxFilterSet                    
00008ac1  sl_WlanRxStatGet                      
00008a81  sl_WlanRxStatStart                    
00008aa1  sl_WlanRxStatStop                     
00008c29  sl_WlanSet                            
00008be1  sl_WlanSetMode                        
00008b39  sl_WlanSmartConfigStart               
00008b11  sl_WlanSmartConfigStop                
0000aeb1  spi_Close                             
0000aec1  spi_Open                              
0000b029  spi_Read                              
0000afb9  spi_Write                             
0000b621  stopWDT                               
0000bea1  strlen                                
20000000  uBuf                                  
0000ac71  uDMA_Error                            
0000ac69  uDMA_Handler                          


GLOBAL SYMBOLS: SORTED BY Symbol Address 

address   name                                  
-------   ----                                  
00000000  __TI_static_base__                    
00000000  g_pfnVectors                          
00000258  __STACK_SIZE                          
00000551  clust2sect                            
00000589  get_fat                               
000006d9  put_fat                               
00001b29  f_mount                               
00001bb1  f_open                                
00001de1  f_read                                
00002041  f_write                               
00002301  f_sync                                
00002401  f_close                               
00002431  f_chdir                               
000024a9  f_getcwd                              
00002639  f_lseek                               
00002891  f_opendir                             
00002941  f_closedir                            
00002961  f_readdir                             
000029f1  f_stat                                
00002a49  f_getfree                             
00002bc9  f_truncate                            
00002d01  f_unlink                              
00002e29  f_mkdir                               
00003029  f_chmod                               
000030d1  f_rename                              
00003239  f_utime                               
000032d9  f_getlabel                            
000033d9  f_setlabel                            
00003681  f_mkfs                                
00003ed9  _SlDrvProtectAsyncRespSetting         
00003f21  _SlDrvDriverCBInit                    
000040e1  _SlDrvDriverCBDeinit                  
00004219  _SlDrvRxIrqHandler                    
00004261  _SlDrvCmdOp                           
00004329  _SlDrvDataReadOp                      
00004541  _SlDrvDataWriteOp                     
00005051  _SlDrvMsgReadSpawnCtx                 
00005429  _SlDrvBasicCmd                        
00005481  _SlDrvCmdSend                         
000054f9  _SlDrvWaitForPoolObj                  
00005699  _SlDrvReleasePoolObj                  
00005ac1  _SlDrvDispatchHttpServerEvents        
00005ad1  _SlDrvSyncObjSignal                   
00005af1  _SlDrvObjLockWaitForever              
00005b19  _SlDrvProtectionObjLockWaitForever    
00005b41  _SlDrvObjUnLock                       
00005b61  _SlDrvProtectionObjUnLock             
00005bb1  _SlDrvGlobalObjUnLock                 
00005bd9  _SlDrvMemZero                         
00005bf1  _SlDrvResetCmdExt                     
00005c01  _SlDrvSyncObjWaitForever              
00005c29  _SlDrvSyncObjWaitTimeout              
00005c71  _SlDriverHandleError                  
00005d2d  UARTIntClear                          
00005d31  UARTStdioConfig                       
00005d91  UARTwrite                             
00005de9  UARTgets                              
00005eb9  UARTgetc                              
00005ef1  UARTvprintf                           
00006229  UARTprintf                            
00006251  commoninit                            
00006261  inituart                              
00006299  PortF_Init                            
000062f1  diskError                             
00006309  SimpleLinkWlanEventHandler            
00006381  SimpleLinkNetAppEventHandler          
000063c9  SimpleLinkHttpServerCallback          
000063d9  SimpleLinkGeneralEventHandler         
00006421  SimpleLinkSockEventHandler            
00006649  main                                  
000071b5  _system_pre_init                      
00007249  _sl_ParseAddress                      
000072a9  sl_Socket                             
00007319  sl_Close                              
00007359  sl_Bind                               
000073f9  sl_SendTo                             
00007539  sl_RecvFrom                           
00007671  sl_Connect                            
000077e9  _sl_HandleAsync_Connect               
00007869  sl_Send                               
00007989  sl_Listen                             
000079d9  sl_Accept                             
00007b99  sl_Htonl                              
00007be1  sl_Htons                              
00007c21  _sl_HandleAsync_Accept                
00007c89  _sl_HandleAsync_Select                
00007ce1  sl_Recv                               
00007d69  sl_SetSockOpt                         
00007de1  sl_GetSockOpt                         
00007e99  sl_Select                             
00008001  SL_FD_SET                             
00008029  SL_FD_CLR                             
00008051  SL_FD_ISSET                           
00008079  SL_FD_ZERO                            
000080a1  sl_WlanConnect                        
00008321  sl_WlanDisconnect                     
00008341  sl_WlanPolicySet                      
000083b9  sl_WlanPolicyGet                      
00008471  sl_WlanProfileAdd                     
00008739  sl_WlanProfileGet                     
00008839  sl_WlanProfileDel                     
00008879  sl_WlanGetNetworkList                 
00008909  sl_WlanRxFilterAdd                    
00008989  sl_WlanRxFilterSet                    
000089f1  sl_WlanRxFilterGet                    
00008a81  sl_WlanRxStatStart                    
00008aa1  sl_WlanRxStatStop                     
00008ac1  sl_WlanRxStatGet                      
00008b11  sl_WlanSmartConfigStop                
00008b39  sl_WlanSmartConfigStart               
00008be1  sl_WlanSetMode                        
00008c29  sl_WlanSet                            
00008cb1  sl_WlanGet                            
00008d7d  __aeabi_idiv0                         
00008d81  CS_Init                               
00008df9  SSI0_Init                             
00009289  disk_initialize                       
00009459  disk_status                           
00009479  disk_read                             
00009529  disk_write                            
00009601  disk_ioctl                            
000098a9  disk_timerproc                        
00009919  Timer5_Init                           
00009981  Timer5A_Handler                       
000099d1  sl_NetAppStart                        
00009a09  sl_NetAppStop                         
00009a49  sl_NetAppGetServiceList               
00009b39  sl_NetAppMDNSRegisterUnregisterService
00009c09  sl_NetAppMDNSRegisterService          
00009c59  sl_NetAppMDNSUnRegisterService        
00009cb1  sl_NetAppDnsGetHostByService          
00009db1  _sl_HandleAsync_DnsGetHostByService   
00009e79  _sl_HandleAsync_DnsGetHostByAddr      
00009e89  sl_NetAppDnsGetHostByName             
00009fb9  _sl_HandleAsync_DnsGetHostByName      
0000a091  _sl_HandleAsync_PingResponse          
0000a121  sl_NetAppPingStart                    
0000a2c1  sl_NetAppSet                          
0000a341  _sl_NetAppSendTokenValue              
0000a3b1  sl_NetAppGet                          
0000a451  _SlDrvNetAppEventHandler              
0000a589  sl_Task                               
0000a591  sl_Start                              
0000a669  _sl_HandleAsync_InitComplete          
0000a6e9  _sl_HandleAsync_Stop                  
0000a739  sl_Stop                               
0000a819  sl_EventMaskSet                       
0000a869  sl_EventMaskGet                       
0000a8c1  sl_DevGet                             
0000a979  sl_DevSet                             
0000a9f9  _SlDrvDeviceEventHandler              
0000aab9  ResetISR                              
0000aad9  SVC_Handler                           
0000aae1  DebugMon_Handler                      
0000aae9  PendSV_Handler                        
0000aaf1  SysTick_Handler                       
0000aaf9  GPIOPortA_Handler                     
0000ab01  GPIOPortB_Handler                     
0000ab09  GPIOPortC_Handler                     
0000ab11  GPIOPortD_Handler                     
0000ab19  GPIOPortE_Handler                     
0000ab21  UART0_Handler                         
0000ab29  UART1_Handler                         
0000ab31  SSI0_Handler                          
0000ab39  I2C0_Handler                          
0000ab41  PWM0Fault_Handler                     
0000ab49  PWM0Generator0_Handler                
0000ab51  PWM0Generator1_Handler                
0000ab59  PWM0Generator2_Handler                
0000ab61  Quadrature0_Handler                   
0000ab69  ADC0Seq0_Handler                      
0000ab71  ADC0Seq1_Handler                      
0000ab79  ADC0Seq2_Handler                      
0000ab81  ADC0Seq3_Handler                      
0000ab89  WDT_Handler                           
0000ab91  Timer0A_Handler                       
0000ab99  Timer0B_Handler                       
0000aba1  Timer1A_Handler                       
0000aba9  Timer1B_Handler                       
0000abb1  Timer2A_Handler                       
0000abb9  Timer2B_Handler                       
0000abc1  Comp0_Handler                         
0000abc9  Comp1_Handler                         
0000abd1  Comp2_Handler                         
0000abd9  SysCtl_Handler                        
0000abe1  FlashCtl_Handler                      
0000abe9  GPIOPortF_Handler                     
0000abf1  GPIOPortG_Handler                     
0000abf9  GPIOPortH_Handler                     
0000ac01  UART2_Handler                         
0000ac09  SSI1_Handler                          
0000ac11  Timer3A_Handler                       
0000ac19  Timer3B_Handler                       
0000ac21  I2C1_Handler                          
0000ac29  Quadrature1_Handler                   
0000ac31  CAN0_Handler                          
0000ac39  CAN1_Handler                          
0000ac41  CAN2_Handler                          
0000ac49  Ethernet_Handler                      
0000ac51  Hibernate_Handler                     
0000ac59  USB0_Handler                          
0000ac61  PWM0Generator3_Handler                
0000ac69  uDMA_Handler                          
0000ac71  uDMA_Error                            
0000ac79  ADC1Seq0_Handler                      
0000ac81  ADC1Seq1_Handler                      
0000ac89  ADC1Seq2_Handler                      
0000ac91  ADC1Seq3_Handler                      
0000ac99  I2S0_Handler                          
0000aca1  ExtBus_Handler                        
0000aca9  GPIOPortJ_Handler                     
0000acb1  GPIOPortK_Handler                     
0000acb9  GPIOPortL_Handler                     
0000acc1  SSI2_Handler                          
0000acc9  SSI3_Handler                          
0000acd1  UART3_Handler                         
0000acd9  UART4_Handler                         
0000ace1  UART5_Handler                         
0000ace9  UART6_Handler                         
0000acf1  UART7_Handler                         
0000acf9  I2C2_Handler                          
0000ad01  I2C3_Handler                          
0000ad09  Timer4A_Handler                       
0000ad11  Timer4B_Handler                       
0000ad21  Timer5B_Handler                       
0000ad29  WideTimer0A_Handler                   
0000ad31  WideTimer0B_Handler                   
0000ad39  WideTimer1A_Handler                   
0000ad41  WideTimer1B_Handler                   
0000ad49  WideTimer2A_Handler                   
0000ad51  WideTimer2B_Handler                   
0000ad59  WideTimer3A_Handler                   
0000ad61  WideTimer3B_Handler                   
0000ad69  WideTimer4A_Handler                   
0000ad71  WideTimer4B_Handler                   
0000ad79  WideTimer5A_Handler                   
0000ad81  WideTimer5B_Handler                   
0000ad89  FPU_Handler                           
0000ad91  PECI0_Handler                         
0000ad99  LPC0_Handler                          
0000ada1  I2C4_Handler                          
0000ada9  I2C5_Handler                          
0000adb1  GPIOPortM_Handler                     
0000adb9  GPIOPortN_Handler                     
0000adc1  Quadrature2_Handler                   
0000adc9  Fan0_Handler                          
0000add1  GPIOPortP_Handler                     
0000add9  GPIOPortP1_Handler                    
0000ade1  GPIOPortP2_Handler                    
0000ade9  GPIOPortP3_Handler                    
0000adf1  GPIOPortP4_Handler                    
0000adf9  GPIOPortP5_Handler                    
0000ae01  GPIOPortP6_Handler                    
0000ae09  GPIOPortP7_Handler                    
0000ae11  GPIOPortQ_Handler                     
0000ae19  GPIOPortQ1_Handler                    
0000ae21  GPIOPortQ2_Handler                    
0000ae29  GPIOPortQ3_Handler                    
0000ae31  GPIOPortQ4_Handler                    
0000ae39  GPIOPortQ5_Handler                    
0000ae41  GPIOPortQ6_Handler                    
0000ae49  GPIOPortQ7_Handler                    
0000ae51  GPIOPortR_Handler                     
0000ae59  GPIOPortS_Handler                     
0000ae61  PWM1Generator0_Handler                
0000ae69  PWM1Generator1_Handler                
0000ae71  PWM1Generator2_Handler                
0000ae79  PWM1Generator3_Handler                
0000ae81  PWM1Fault_Handler                     
0000ae89  DisableInterrupts                     
0000ae91  EnableInterrupts                      
0000ae99  StartCritical                         
0000aea1  EndCritical                           
0000aea9  WaitForInterrupt                      
0000aeb1  spi_Close                             
0000aec1  spi_Open                              
0000afb9  spi_Write                             
0000b029  spi_Read                              
0000b0d9  _SlNonOsSemSet                        
0000b0f1  _SlNonOsSemGet                        
0000b171  _SlNonOsSpawn                         
0000b1d9  _SlNonOsMainLoopTask                  
0000b259  sl_NetCfgSet                          
0000b2d9  sl_NetCfgGet                          
0000b3a5  GPIOPadConfigSet                      
0000b4d9  CLI_Read                              
0000b531  CLI_Write                             
0000b591  CLI_Configure                         
0000b609  initClk                               
0000b621  stopWDT                               
0000b629  registerInterruptHandler              
0000b641  CC3100_disable                        
0000b659  CC3100_enable                         
0000b671  CC3100_InterruptEnable                
0000b681  CC3100_InterruptDisable               
0000b691  MaskIntHdlr                           
0000b699  UnMaskIntHdlr                         
0000b6a1  Delay                                 
0000b6c9  GPIOB_intHandler                      
0000b6f9  UART1_intHandler                      
0000b731  SysCtlClockGet                        
0000b841  SysCtlClockSet                        
0000b935  __aeabi_memcpy                        
0000b935  __aeabi_memcpy4                       
0000b935  __aeabi_memcpy8                       
0000b935  memcpy                                
0000b9d1  PLL_Init                              
0000ba5d  __aeabi_memclr                        
0000ba5d  __aeabi_memclr4                       
0000ba5d  __aeabi_memclr8                       
0000ba5f  __aeabi_memset                        
0000ba5f  __aeabi_memset4                       
0000ba5f  __aeabi_memset8                       
0000ba65  memset                                
0000bad9  __TI_auto_init                        
0000bbb1  IntEnable                             
0000bc19  GPIOIntTypeSet                        
0000bc71  _c_int00                              
0000bcc1  copy_in                               
0000bd0d  GPIOPinConfigure                      
0000bd55  C$$EXIT                               
0000bd59  abort                                 
0000bd61  exit                                  
0000bd99  __aeabi_uidiv                         
0000bd99  __aeabi_uidivmod                      
0000bdd9  SSIConfigSetExpClk                    
0000be15  SysCtlPeripheralEnable                
0000be49  GPIODirModeSet                        
0000be75  _args_main                            
0000be8d  _register_unlock                      
0000be93  _register_lock                        
0000be9b  _nop                                  
0000bea1  strlen                                
0000beb5  GPIOPinTypeGPIOInput                  
0000bec7  GPIOPinTypeSSI                        
0000bed9  GPIOPinTypeUART                       
0000beeb  SSIDataGetNonBlocking                 
0000befd  FPUEnable                             
0000bf0d  FPULazyStackingEnable                 
0000bf1d  IntMasterEnable                       
0000bf2d  GPIOIntDisable                        
0000bf3b  GPIOIntStatus                         
0000bf49  SSIDataPutNonBlocking                 
0000bf57  __TI_decompress_none                  
0000bf65  CPUcpsie                              
0000bf71  GPIOIntEnable                         
0000bf7d  __TI_zero_init                        
0000bf89  SSIEnable                             
0000bf93  UARTIntStatus                         
0000bf9d  SSIBusy                               
0000bfa5  GPIOIntClear                          
0000bfab  GPIOPinWrite                          
0000bfb1  SysCtlDelay                           
0000bfb7  UARTClockSourceSet                    
0000bfbd  __TI_decompress_rle24                 
0000c130  OpcodeTranslateTable                  
0000c1e4  _SlActionLookupTable                  
0000c2f4  _SlNetAppSendTokenValueCmdCtrl        
0000c360  __TI_Handler_Table_Base               
0000c36c  __TI_Handler_Table_Limit              
0000c378  __TI_CINIT_Base                       
0000c388  __TI_CINIT_Limit                      
20000000  uBuf                                  
20000578  sdVolume                              
200007ac  Handle2                               
200009d0  Handle                                
20000bf4  buffer                                
20000f5c  Handle_dir                            
20000f9c  g_ucUARTBuffer                        
20000fa3  Fresult                               
20000fa4  IntIsMasked                           
20000fa5  RxIrqCnt                              
20000fa6  g_bDeviceRestartIsRequired            
20000fa8  __stack                               
200011a8  __STACK_TOP                           
20001200  __STACK_END                           
20001200  g__SlNonOsCB                          
20001240  g_Status                              
20001244  g_PingPacketsRecv                     
20001248  g_GatewayIP                           
20001250  g_pCB                                 
20001254  pPingCallBackFunc                     
2000125c  _lock                                 
20001260  _unlock                               
20001264  __TI_cleanup_ptr                      
20001268  __TI_dtors_ptr                        
2000126c  pIrqEventHandler                      
20001270  main_func_sp                          
ffffffff  __binit__                             
ffffffff  __c_args__                            
ffffffff  binit                                 
UNDEFED   SHT$$INIT_ARRAY$$Base                 
UNDEFED   SHT$$INIT_ARRAY$$Limit                

[393 symbols]
